/Volumes/arosmain/toolchain-mainline/x86_64-aros-g++ --sysroot=/Volumes/arosmain/build/bin/pc-x86_64/AROS/Developer -std=c++20 -O1 -fno-char8_t -fstrict-aliasing -w -DFMT_HEADER_ONLY=1 -DOPENLOCO_VERSION_TAG="probe" -DOPENLOCO_BRANCH="probe" -DOPENLOCO_COMMIT_SHA1="0" -DOPENLOCO_COMMIT_SHA1_SHORT="0" -DOPENLOCO_BUILD_SERVER="" -I~/Work/AROS-dev/aros-openloco/work/OpenLoco/src/OpenLoco/include -I~/Work/AROS-dev/aros-openloco/work/OpenLoco/src/OpenLoco/src -I~/Work/AROS-dev/aros-openloco/work/OpenLoco/src/OpenLoco/include/OpenLoco -I~/Work/AROS-dev/aros-openloco/work/OpenLoco/src/App/src -I~/Work/AROS-dev/aros-openloco/work/OpenLoco/src/Audio/include -I~/Work/AROS-dev/aros-openloco/work/OpenLoco/src/Audio/src -I~/Work/AROS-dev/aros-openloco/work/OpenLoco/src/Audio/include/OpenLoco -I~/Work/AROS-dev/aros-openloco/work/OpenLoco/src/Audio/include/OpenLoco/Audio -I~/Work/AROS-dev/aros-openloco/work/OpenLoco/src/Core/include -I~/Work/AROS-dev/aros-openloco/work/OpenLoco/src/Core/src -I~/Work/AROS-dev/aros-openloco/work/OpenLoco/src/Core/include/OpenLoco -I~/Work/AROS-dev/aros-openloco/work/OpenLoco/src/Core/include/OpenLoco/Core -I~/Work/AROS-dev/aros-openloco/work/OpenLoco/src/Diagnostics/include -I~/Work/AROS-dev/aros-openloco/work/OpenLoco/src/Diagnostics/src -I~/Work/AROS-dev/aros-openloco/work/OpenLoco/src/Diagnostics/include/OpenLoco -I~/Work/AROS-dev/aros-openloco/work/OpenLoco/src/Diagnostics/include/OpenLoco/Diagnostics -I~/Work/AROS-dev/aros-openloco/work/OpenLoco/src/Engine/include -I~/Work/AROS-dev/aros-openloco/work/OpenLoco/src/Engine/src -I~/Work/AROS-dev/aros-openloco/work/OpenLoco/src/Engine/include/OpenLoco -I~/Work/AROS-dev/aros-openloco/work/OpenLoco/src/Engine/include/OpenLoco/Engine -I~/Work/AROS-dev/aros-openloco/work/OpenLoco/src/Gfx/include -I~/Work/AROS-dev/aros-openloco/work/OpenLoco/src/Gfx/src -I~/Work/AROS-dev/aros-openloco/work/OpenLoco/src/Gfx/include/OpenLoco -I~/Work/AROS-dev/aros-openloco/work/OpenLoco/src/Gfx/include/OpenLoco/Gfx -I~/Work/AROS-dev/aros-openloco/work/OpenLoco/src/Math/include -I~/Work/AROS-dev/aros-openloco/work/OpenLoco/src/Math/src -I~/Work/AROS-dev/aros-openloco/work/OpenLoco/src/Math/include/OpenLoco -I~/Work/AROS-dev/aros-openloco/work/OpenLoco/src/Math/include/OpenLoco/Math -I~/Work/AROS-dev/aros-openloco/work/OpenLoco/src/Platform/include -I~/Work/AROS-dev/aros-openloco/work/OpenLoco/src/Platform/src -I~/Work/AROS-dev/aros-openloco/work/OpenLoco/src/Platform/include/OpenLoco -I~/Work/AROS-dev/aros-openloco/work/OpenLoco/src/Platform/include/OpenLoco/Platform -I~/Work/AROS-dev/aros-openloco/work/OpenLoco/src/Resources/include -I~/Work/AROS-dev/aros-openloco/work/OpenLoco/src/Resources/src -I~/Work/AROS-dev/aros-openloco/work/OpenLoco/src/Resources/include/OpenLoco -I~/Work/AROS-dev/aros-openloco/work/OpenLoco/src/Resources/include/OpenLoco/Resources -I~/Work/AROS-dev/aros-openloco/work/OpenLoco/src/Utility/include -I~/Work/AROS-dev/aros-openloco/work/OpenLoco/src/Utility/src -I~/Work/AROS-dev/aros-openloco/work/OpenLoco/src/Utility/include/OpenLoco -I~/Work/AROS-dev/aros-openloco/work/OpenLoco/src/Utility/include/OpenLoco/Utility -I~/Work/AROS-dev/aros-openloco/work/OpenLoco/src/Version/include -I~/Work/AROS-dev/aros-openloco/work/OpenLoco/src/Version/include/OpenLoco -I~/Work/AROS-dev/aros-openloco/work/OpenLoco/src/OpenLoco/src/World/CompanyAi -I~/Work/AROS-dev/aros-openloco/deps/mainline-v1/src/SDL3-3.4.12/include -I~/Work/AROS-dev/aros-openloco/deps/mainline-v1/src/fmt/include -I~/Work/AROS-dev/aros-openloco/deps/mainline-v1/src/sfl/include -I~/Work/AROS-dev/aros-openloco/deps/mainline-v1/src/yaml/include -I/Volumes/arosmain/build/bin/pc-x86_64/AROS/Developer/include -c ~/Work/AROS-dev/aros-openloco/work/OpenLoco/src/OpenLoco/src/World/CompanyAi/CompanyAiPathfinding.cpp -o ~/Work/AROS-dev/aros-openloco/build/mainline-v1/compile-probe/OpenLoco_src_World_CompanyAi_CompanyAiPathfinding.o
exit=1
~/Work/AROS-dev/aros-openloco/work/OpenLoco/src/OpenLoco/src/World/CompanyAi/CompanyAiPathfinding.cpp: In function 'OpenLoco::CompanyAi::PlacementVars OpenLoco::CompanyAi::getPlacementVars(const OpenLoco::Company&, const OpenLoco::AiThought&, OpenLoco::CompanyAi::PathfindingState&)':
~/Work/AROS-dev/aros-openloco/work/OpenLoco/src/OpenLoco/src/World/CompanyAi/CompanyAiPathfinding.cpp:172:19: error: expected nested-name-specifier before 'enum'
  172 |             using enum World::Track::RoadTraitFlags;
      |                   ^~~~
~/Work/AROS-dev/aros-openloco/work/OpenLoco/src/OpenLoco/src/World/CompanyAi/CompanyAiPathfinding.cpp:174:40: error: 'turnaround' was not declared in this scope
  174 |             if (roadObj->hasTraitFlags(turnaround))
      |                                        ^~~~~~~~~~
~/Work/AROS-dev/aros-openloco/work/OpenLoco/src/OpenLoco/src/World/CompanyAi/CompanyAiPathfinding.cpp:174:40: note: suggested alternatives:
In file included from ~/Work/AROS-dev/aros-openloco/work/OpenLoco/src/OpenLoco/include/OpenLoco/Objects/BridgeObject.h:3,
                 from ~/Work/AROS-dev/aros-openloco/work/OpenLoco/src/OpenLoco/src/World/CompanyAi/CompanyAiPathfinding.cpp:20:
~/Work/AROS-dev/aros-openloco/work/OpenLoco/src/OpenLoco/include/OpenLoco/Map/Track/TrackEnum.h:67:9: note:   'OpenLoco::World::Track::RoadId::turnaround'
   67 |         turnaround,
      |         ^~~~~~~~~~
~/Work/AROS-dev/aros-openloco/work/OpenLoco/src/OpenLoco/include/OpenLoco/Map/Track/TrackEnum.h:52:9: note:   'OpenLoco::World::Track::TrackId::turnaround'
   52 |         turnaround,
      |         ^~~~~~~~~~
~/Work/AROS-dev/aros-openloco/work/OpenLoco/src/OpenLoco/include/OpenLoco/Map/Track/TrackEnum.h:118:9: note:   'OpenLoco::World::Track::RoadTraitFlags::turnaround'
  118 |         turnaround = 1U << 5,
      |         ^~~~~~~~~~
~/Work/AROS-dev/aros-openloco/work/OpenLoco/src/OpenLoco/src/World/CompanyAi/CompanyAiPathfinding.cpp:178:40: error: 'smallCurve' was not declared in this scope
  178 |             if (roadObj->hasTraitFlags(smallCurve))
      |                                        ^~~~~~~~~~
~/Work/AROS-dev/aros-openloco/work/OpenLoco/src/OpenLoco/src/World/CompanyAi/CompanyAiPathfinding.cpp:178:40: note: suggested alternatives:
In file included from ~/Work/AROS-dev/aros-openloco/work/OpenLoco/src/OpenLoco/include/OpenLoco/Objects/BridgeObject.h:3,
                 from ~/Work/AROS-dev/aros-openloco/work/OpenLoco/src/OpenLoco/src/World/CompanyAi/CompanyAiPathfinding.cpp:20:
~/Work/AROS-dev/aros-openloco/work/OpenLoco/src/OpenLoco/include/OpenLoco/Map/Track/TrackEnum.h:82:9: note:   'OpenLoco::World::Track::CommonTraitFlags::smallCurve'
   82 |         smallCurve = 1U << 5,
      |         ^~~~~~~~~~
~/Work/AROS-dev/aros-openloco/work/OpenLoco/src/OpenLoco/include/OpenLoco/Map/Track/TrackEnum.h:113:9: note:   'OpenLoco::World::Track::RoadTraitFlags::smallCurve'
  113 |         smallCurve = 1U << 0,
      |         ^~~~~~~~~~
~/Work/AROS-dev/aros-openloco/work/OpenLoco/src/OpenLoco/include/OpenLoco/Map/Track/TrackEnum.h:99:9: note:   'OpenLoco::World::Track::TrackTraitFlags::smallCurve'
   99 |         smallCurve = 1U << 3,
      |         ^~~~~~~~~~
~/Work/AROS-dev/aros-openloco/work/OpenLoco/src/OpenLoco/src/World/CompanyAi/CompanyAiPathfinding.cpp:183:40: error: 'verySmallCurve' was not declared in this scope
  183 |             if (roadObj->hasTraitFlags(verySmallCurve))
      |                                        ^~~~~~~~~~~~~~
~/Work/AROS-dev/aros-openloco/work/OpenLoco/src/OpenLoco/src/World/CompanyAi/CompanyAiPathfinding.cpp:183:40: note: suggested alternatives:
In file included from ~/Work/AROS-dev/aros-openloco/work/OpenLoco/src/OpenLoco/include/OpenLoco/Objects/BridgeObject.h:3,
                 from ~/Work/AROS-dev/aros-openloco/work/OpenLoco/src/OpenLoco/src/World/CompanyAi/CompanyAiPathfinding.cpp:20:
~/Work/AROS-dev/aros-openloco/work/OpenLoco/src/OpenLoco/include/OpenLoco/Map/Track/TrackEnum.h:81:9: note:   'OpenLoco::World::Track::CommonTraitFlags::verySmallCurve'
   81 |         verySmallCurve = 1U << 4,
      |         ^~~~~~~~~~~~~~
~/Work/AROS-dev/aros-openloco/work/OpenLoco/src/OpenLoco/include/OpenLoco/Map/Track/TrackEnum.h:114:9: note:   'OpenLoco::World::Track::RoadTraitFlags::verySmallCurve'
  114 |         verySmallCurve = 1U << 1,
      |         ^~~~~~~~~~~~~~
~/Work/AROS-dev/aros-openloco/work/OpenLoco/src/OpenLoco/include/OpenLoco/Map/Track/TrackEnum.h:100:9: note:   'OpenLoco::World::Track::TrackTraitFlags::verySmallCurve'
  100 |         verySmallCurve = 1U << 4,
      |         ^~~~~~~~~~~~~~
~/Work/AROS-dev/aros-openloco/work/OpenLoco/src/OpenLoco/src/World/CompanyAi/CompanyAiPathfinding.cpp:188:40: error: 'slope' was not declared in this scope
  188 |             if (roadObj->hasTraitFlags(slope))
      |                                        ^~~~~
~/Work/AROS-dev/aros-openloco/work/OpenLoco/src/OpenLoco/src/World/CompanyAi/CompanyAiPathfinding.cpp:188:40: note: suggested alternatives:
In file included from ~/Work/AROS-dev/aros-openloco/work/OpenLoco/src/OpenLoco/include/OpenLoco/Objects/BridgeObject.h:3,
                 from ~/Work/AROS-dev/aros-openloco/work/OpenLoco/src/OpenLoco/src/World/CompanyAi/CompanyAiPathfinding.cpp:20:
~/Work/AROS-dev/aros-openloco/work/OpenLoco/src/OpenLoco/include/OpenLoco/Map/Track/TrackEnum.h:77:9: note:   'OpenLoco::World::Track::CommonTraitFlags::slope'
   77 |         slope = 1U << 0,
      |         ^~~~~
~/Work/AROS-dev/aros-openloco/work/OpenLoco/src/OpenLoco/include/OpenLoco/Map/Track/TrackEnum.h:115:9: note:   'OpenLoco::World::Track::RoadTraitFlags::slope'
  115 |         slope = 1U << 2,
      |         ^~~~~
~/Work/AROS-dev/aros-openloco/work/OpenLoco/src/OpenLoco/include/OpenLoco/Map/Track/TrackEnum.h:101:9: note:   'OpenLoco::World::Track::TrackTraitFlags::slope'
  101 |         slope = 1U << 5,
      |         ^~~~~
~/Work/AROS-dev/aros-openloco/work/OpenLoco/src/OpenLoco/src/World/CompanyAi/CompanyAiPathfinding.cpp:192:44: error: 'steepSlope' was not declared in this scope
  192 |                 if (roadObj->hasTraitFlags(steepSlope) && allowSteepSlopes)
      |                                            ^~~~~~~~~~
~/Work/AROS-dev/aros-openloco/work/OpenLoco/src/OpenLoco/src/World/CompanyAi/CompanyAiPathfinding.cpp:192:44: note: suggested alternatives:
In file included from ~/Work/AROS-dev/aros-openloco/work/OpenLoco/src/OpenLoco/include/OpenLoco/Objects/BridgeObject.h:3,
                 from ~/Work/AROS-dev/aros-openloco/work/OpenLoco/src/OpenLoco/src/World/CompanyAi/CompanyAiPathfinding.cpp:20:
~/Work/AROS-dev/aros-openloco/work/OpenLoco/src/OpenLoco/include/OpenLoco/Map/Track/TrackEnum.h:78:9: note:   'OpenLoco::World::Track::CommonTraitFlags::steepSlope'
   78 |         steepSlope = 1U << 1,
      |         ^~~~~~~~~~
~/Work/AROS-dev/aros-openloco/work/OpenLoco/src/OpenLoco/include/OpenLoco/Map/Track/TrackEnum.h:116:9: note:   'OpenLoco::World::Track::RoadTraitFlags::steepSlope'
  116 |         steepSlope = 1U << 3,
      |         ^~~~~~~~~~
~/Work/AROS-dev/aros-openloco/work/OpenLoco/src/OpenLoco/include/OpenLoco/Map/Track/TrackEnum.h:102:9: note:   'OpenLoco::World::Track::TrackTraitFlags::steepSlope'
  102 |         steepSlope = 1U << 6,
      |         ^~~~~~~~~~
~/Work/AROS-dev/aros-openloco/work/OpenLoco/src/OpenLoco/src/World/CompanyAi/CompanyAiPathfinding.cpp:207:19: error: expected nested-name-specifier before 'enum'
  207 |             using enum World::Track::TrackTraitFlags;
      |                   ^~~~
~/Work/AROS-dev/aros-openloco/work/OpenLoco/src/OpenLoco/src/World/CompanyAi/CompanyAiPathfinding.cpp:208:41: error: 'diagonal' was not declared in this scope
  208 |             if (trackObj->hasTraitFlags(diagonal))
      |                                         ^~~~~~~~
~/Work/AROS-dev/aros-openloco/work/OpenLoco/src/OpenLoco/src/World/CompanyAi/CompanyAiPathfinding.cpp:208:41: note: suggested alternatives:
In file included from ~/Work/AROS-dev/aros-openloco/work/OpenLoco/src/OpenLoco/include/OpenLoco/Objects/BridgeObject.h:3,
                 from ~/Work/AROS-dev/aros-openloco/work/OpenLoco/src/OpenLoco/src/World/CompanyAi/CompanyAiPathfinding.cpp:20:
~/Work/AROS-dev/aros-openloco/work/OpenLoco/src/OpenLoco/include/OpenLoco/Map/Track/TrackEnum.h:11:9: note:   'OpenLoco::World::Track::TrackId::diagonal'
   11 |         diagonal,
      |         ^~~~~~~~
~/Work/AROS-dev/aros-openloco/work/OpenLoco/src/OpenLoco/include/OpenLoco/Map/Track/TrackEnum.h:80:9: note:   'OpenLoco::World::Track::CommonTraitFlags::diagonal'
   80 |         diagonal = 1U << 3,
      |         ^~~~~~~~
~/Work/AROS-dev/aros-openloco/work/OpenLoco/src/OpenLoco/include/OpenLoco/Map/Track/TrackEnum.h:96:9: note:   'OpenLoco::World::Track::TrackTraitFlags::diagonal'
   96 |         diagonal = 1U << 0,
      |         ^~~~~~~~
In file included from ~/Work/AROS-dev/aros-openloco/work/OpenLoco/src/OpenLoco/src/World/CompanyAi/CompanyAiPathfinding.cpp:17:
~/Work/AROS-dev/aros-openloco/work/OpenLoco/src/OpenLoco/include/OpenLoco/Map/Track/TrackData.h:32:9: note:   'OpenLoco::World::TrackData::PreviewTrackFlags::diagonal'
   32 |         diagonal = 1U << 7,
      |         ^~~~~~~~
~/Work/AROS-dev/aros-openloco/work/OpenLoco/src/OpenLoco/src/World/CompanyAi/CompanyAiPathfinding.cpp:212:41: error: 'sBend' was not declared in this scope; did you mean 'OpenLoco::World::Track::TrackTraitFlags::sBend'?
  212 |             if (trackObj->hasTraitFlags(sBend))
      |                                         ^~~~~
      |                                         OpenLoco::World::Track::TrackTraitFlags::sBend
In file included from ~/Work/AROS-dev/aros-openloco/work/OpenLoco/src/OpenLoco/include/OpenLoco/Objects/BridgeObject.h:3,
                 from ~/Work/AROS-dev/aros-openloco/work/OpenLoco/src/OpenLoco/src/World/CompanyAi/CompanyAiPathfinding.cpp:20:
~/Work/AROS-dev/aros-openloco/work/OpenLoco/src/OpenLoco/include/OpenLoco/Map/Track/TrackEnum.h:105:9: note: 'OpenLoco::World::Track::TrackTraitFlags::sBend' declared here
  105 |         sBend = 1U << 9,
      |         ^~~~~
~/Work/AROS-dev/aros-openloco/work/OpenLoco/src/OpenLoco/src/World/CompanyAi/CompanyAiPathfinding.cpp:217:41: error: 'largeCurve' was not declared in this scope
  217 |             if (trackObj->hasTraitFlags(largeCurve))
      |                                         ^~~~~~~~~~
~/Work/AROS-dev/aros-openloco/work/OpenLoco/src/OpenLoco/src/World/CompanyAi/CompanyAiPathfinding.cpp:217:41: note: suggested alternatives:
In file included from ~/Work/AROS-dev/aros-openloco/work/OpenLoco/src/OpenLoco/include/OpenLoco/Objects/BridgeObject.h:3,
                 from ~/Work/AROS-dev/aros-openloco/work/OpenLoco/src/OpenLoco/src/World/CompanyAi/CompanyAiPathfinding.cpp:20:
~/Work/AROS-dev/aros-openloco/work/OpenLoco/src/OpenLoco/include/OpenLoco/Map/Track/TrackEnum.h:84:9: note:   'OpenLoco::World::Track::CommonTraitFlags::largeCurve'
   84 |         largeCurve = 1U << 7,
      |         ^~~~~~~~~~
~/Work/AROS-dev/aros-openloco/work/OpenLoco/src/OpenLoco/include/OpenLoco/Map/Track/TrackEnum.h:97:9: note:   'OpenLoco::World::Track::TrackTraitFlags::largeCurve'
   97 |         largeCurve = 1U << 1,
      |         ^~~~~~~~~~
~/Work/AROS-dev/aros-openloco/work/OpenLoco/src/OpenLoco/src/World/CompanyAi/CompanyAiPathfinding.cpp:224:41: error: 'normalCurve' was not declared in this scope; did you mean 'OpenLoco::World::Track::TrackTraitFlags::normalCurve'?
  224 |             if (trackObj->hasTraitFlags(normalCurve))
      |                                         ^~~~~~~~~~~
      |                                         OpenLoco::World::Track::TrackTraitFlags::normalCurve
In file included from ~/Work/AROS-dev/aros-openloco/work/OpenLoco/src/OpenLoco/include/OpenLoco/Objects/BridgeObject.h:3,
                 from ~/Work/AROS-dev/aros-openloco/work/OpenLoco/src/OpenLoco/src/World/CompanyAi/CompanyAiPathfinding.cpp:20:
~/Work/AROS-dev/aros-openloco/work/OpenLoco/src/OpenLoco/include/OpenLoco/Map/Track/TrackEnum.h:98:9: note: 'OpenLoco::World::Track::TrackTraitFlags::normalCurve' declared here
   98 |         normalCurve = 1U << 2,
      |         ^~~~~~~~~~~
~/Work/AROS-dev/aros-openloco/work/OpenLoco/src/OpenLoco/src/World/CompanyAi/CompanyAiPathfinding.cpp:229:41: error: 'smallCurve' was not declared in this scope
  229 |             if (trackObj->hasTraitFlags(smallCurve))
      |                                         ^~~~~~~~~~
~/Work/AROS-dev/aros-openloco/work/OpenLoco/src/OpenLoco/src/World/CompanyAi/CompanyAiPathfinding.cpp:229:41: note: suggested alternatives:
In file included from ~/Work/AROS-dev/aros-openloco/work/OpenLoco/src/OpenLoco/include/OpenLoco/Objects/BridgeObject.h:3,
                 from ~/Work/AROS-dev/aros-openloco/work/OpenLoco/src/OpenLoco/src/World/CompanyAi/CompanyAiPathfinding.cpp:20:
~/Work/AROS-dev/aros-openloco/work/OpenLoco/src/OpenLoco/include/OpenLoco/Map/Track/TrackEnum.h:82:9: note:   'OpenLoco::World::Track::CommonTraitFlags::smallCurve'
   82 |         smallCurve = 1U << 5,
      |         ^~~~~~~~~~
~/Work/AROS-dev/aros-openloco/work/OpenLoco/src/OpenLoco/include/OpenLoco/Map/Track/TrackEnum.h:113:9: note:   'OpenLoco::World::Track::RoadTraitFlags::smallCurve'
  113 |         smallCurve = 1U << 0,
      |         ^~~~~~~~~~
~/Work/AROS-dev/aros-openloco/work/OpenLoco/src/OpenLoco/include/OpenLoco/Map/Track/TrackEnum.h:99:9: note:   'OpenLoco::World::Track::TrackTraitFlags::smallCurve'
   99 |         smallCurve = 1U << 3,
      |         ^~~~~~~~~~
~/Work/AROS-dev/aros-openloco/work/OpenLoco/src/OpenLoco/src/World/CompanyAi/CompanyAiPathfinding.cpp:233:45: error: 'slopedCurve' was not declared in this scope; did you mean 'OpenLoco::World::Track::TrackTraitFlags::slopedCurve'?
  233 |                 if (trackObj->hasTraitFlags(slopedCurve))
      |                                             ^~~~~~~~~~~
      |                                             OpenLoco::World::Track::TrackTraitFlags::slopedCurve
In file included from ~/Work/AROS-dev/aros-openloco/work/OpenLoco/src/OpenLoco/include/OpenLoco/Objects/BridgeObject.h:3,
                 from ~/Work/AROS-dev/aros-openloco/work/OpenLoco/src/OpenLoco/src/World/CompanyAi/CompanyAiPathfinding.cpp:20:
~/Work/AROS-dev/aros-openloco/work/OpenLoco/src/OpenLoco/include/OpenLoco/Map/Track/TrackEnum.h:104:9: note: 'OpenLoco::World::Track::TrackTraitFlags::slopedCurve' declared here
  104 |         slopedCurve = 1U << 8,
      |         ^~~~~~~~~~~
~/Work/AROS-dev/aros-openloco/work/OpenLoco/src/OpenLoco/src/World/CompanyAi/CompanyAiPathfinding.cpp:239:49: error: 'steepSlope' was not declared in this scope
  239 |                     if (trackObj->hasTraitFlags(steepSlope) && allowSteepSlopes)
      |                                                 ^~~~~~~~~~
~/Work/AROS-dev/aros-openloco/work/OpenLoco/src/OpenLoco/src/World/CompanyAi/CompanyAiPathfinding.cpp:239:49: note: suggested alternatives:
In file included from ~/Work/AROS-dev/aros-openloco/work/OpenLoco/src/OpenLoco/include/OpenLoco/Objects/BridgeObject.h:3,
                 from ~/Work/AROS-dev/aros-openloco/work/OpenLoco/src/OpenLoco/src/World/CompanyAi/CompanyAiPathfinding.cpp:20:
~/Work/AROS-dev/aros-openloco/work/OpenLoco/src/OpenLoco/include/OpenLoco/Map/Track/TrackEnum.h:78:9: note:   'OpenLoco::World::Track::CommonTraitFlags::steepSlope'
   78 |         steepSlope = 1U << 1,
      |         ^~~~~~~~~~
~/Work/AROS-dev/aros-openloco/work/OpenLoco/src/OpenLoco/include/OpenLoco/Map/Track/TrackEnum.h:116:9: note:   'OpenLoco::World::Track::RoadTraitFlags::steepSlope'
  116 |         steepSlope = 1U << 3,
      |         ^~~~~~~~~~
~/Work/AROS-dev/aros-openloco/work/OpenLoco/src/OpenLoco/include/OpenLoco/Map/Track/TrackEnum.h:102:9: note:   'OpenLoco::World::Track::TrackTraitFlags::steepSlope'
  102 |         steepSlope = 1U << 6,
      |         ^~~~~~~~~~
~/Work/AROS-dev/aros-openloco/work/OpenLoco/src/OpenLoco/src/World/CompanyAi/CompanyAiPathfinding.cpp:248:41: error: 'verySmallCurve' was not declared in this scope
  248 |             if (trackObj->hasTraitFlags(verySmallCurve))
      |                                         ^~~~~~~~~~~~~~
~/Work/AROS-dev/aros-openloco/work/OpenLoco/src/OpenLoco/src/World/CompanyAi/CompanyAiPathfinding.cpp:248:41: note: suggested alternatives:
In file included from ~/Work/AROS-dev/aros-openloco/work/OpenLoco/src/OpenLoco/include/OpenLoco/Objects/BridgeObject.h:3,
                 from ~/Work/AROS-dev/aros-openloco/work/OpenLoco/src/OpenLoco/src/World/CompanyAi/CompanyAiPathfinding.cpp:20:
~/Work/AROS-dev/aros-openloco/work/OpenLoco/src/OpenLoco/include/OpenLoco/Map/Track/TrackEnum.h:81:9: note:   'OpenLoco::World::Track::CommonTraitFlags::verySmallCurve'
   81 |         verySmallCurve = 1U << 4,
      |         ^~~~~~~~~~~~~~
~/Work/AROS-dev/aros-openloco/work/OpenLoco/src/OpenLoco/include/OpenLoco/Map/Track/TrackEnum.h:114:9: note:   'OpenLoco::World::Track::RoadTraitFlags::verySmallCurve'
  114 |         verySmallCurve = 1U << 1,
      |         ^~~~~~~~~~~~~~
~/Work/AROS-dev/aros-openloco/work/OpenLoco/src/OpenLoco/include/OpenLoco/Map/Track/TrackEnum.h:100:9: note:   'OpenLoco::World::Track::TrackTraitFlags::verySmallCurve'
  100 |         verySmallCurve = 1U << 4,
      |         ^~~~~~~~~~~~~~
~/Work/AROS-dev/aros-openloco/work/OpenLoco/src/OpenLoco/src/World/CompanyAi/CompanyAiPathfinding.cpp:253:41: error: 'slope' was not declared in this scope
  253 |             if (trackObj->hasTraitFlags(slope))
      |                                         ^~~~~
~/Work/AROS-dev/aros-openloco/work/OpenLoco/src/OpenLoco/src/World/CompanyAi/CompanyAiPathfinding.cpp:253:41: note: suggested alternatives:
In file included from ~/Work/AROS-dev/aros-openloco/work/OpenLoco/src/OpenLoco/include/OpenLoco/Objects/BridgeObject.h:3,
                 from ~/Work/AROS-dev/aros-openloco/work/OpenLoco/src/OpenLoco/src/World/CompanyAi/CompanyAiPathfinding.cpp:20:
~/Work/AROS-dev/aros-openloco/work/OpenLoco/src/OpenLoco/include/OpenLoco/Map/Track/TrackEnum.h:77:9: note:   'OpenLoco::World::Track::CommonTraitFlags::slope'
   77 |         slope = 1U << 0,
      |         ^~~~~
~/Work/AROS-dev/aros-openloco/work/OpenLoco/src/OpenLoco/include/OpenLoco/Map/Track/TrackEnum.h:115:9: note:   'OpenLoco::World::Track::RoadTraitFlags::slope'
  115 |         slope = 1U << 2,
      |         ^~~~~
~/Work/AROS-dev/aros-openloco/work/OpenLoco/src/OpenLoco/include/OpenLoco/Map/Track/TrackEnum.h:101:9: note:   'OpenLoco::World::Track::TrackTraitFlags::slope'
  101 |         slope = 1U << 5,
      |         ^~~~~
~/Work/AROS-dev/aros-openloco/work/OpenLoco/src/OpenLoco/src/World/CompanyAi/CompanyAiPathfinding.cpp:257:45: error: 'steepSlope' was not declared in this scope
  257 |                 if (trackObj->hasTraitFlags(steepSlope) && allowSteepSlopes)
      |                                             ^~~~~~~~~~
~/Work/AROS-dev/aros-openloco/work/OpenLoco/src/OpenLoco/src/World/CompanyAi/CompanyAiPathfinding.cpp:257:45: note: suggested alternatives:
In file included from ~/Work/AROS-dev/aros-openloco/work/OpenLoco/src/OpenLoco/include/OpenLoco/Objects/BridgeObject.h:3,
                 from ~/Work/AROS-dev/aros-openloco/work/OpenLoco/src/OpenLoco/src/World/CompanyAi/CompanyAiPathfinding.cpp:20:
~/Work/AROS-dev/aros-openloco/work/OpenLoco/src/OpenLoco/include/OpenLoco/Map/Track/TrackEnum.h:78:9: note:   'OpenLoco::World::Track::CommonTraitFlags::steepSlope'
   78 |         steepSlope = 1U << 1,
      |         ^~~~~~~~~~
~/Work/AROS-dev/aros-openloco/work/OpenLoco/src/OpenLoco/include/OpenLoco/Map/Track/TrackEnum.h:116:9: note:   'OpenLoco::World::Track::RoadTraitFlags::steepSlope'
  116 |         steepSlope = 1U << 3,
      |         ^~~~~~~~~~
~/Work/AROS-dev/aros-openloco/work/OpenLoco/src/OpenLoco/include/OpenLoco/Map/Track/TrackEnum.h:102:9: note:   'OpenLoco::World::Track::TrackTraitFlags::steepSlope'
  102 |         steepSlope = 1U << 6,
      |         ^~~~~~~~~~
~/Work/AROS-dev/aros-openloco/work/OpenLoco/src/OpenLoco/src/World/CompanyAi/CompanyAiPathfinding.cpp: In function 'void OpenLoco::CompanyAi::queryTrackPlacementScoreRecurse(OpenLoco::Company&, OpenLoco::World::Pos3, uint16_t, bool, const OpenLoco::CompanyAi::PlacementVars&, OpenLoco::CompanyAi::QueryTrackRoadPlacementResult&, OpenLoco::CompanyAi::QueryTrackRoadPlacementState&, OpenLoco::CompanyAi::PathfindingState&)':
~/Work/AROS-dev/aros-openloco/work/OpenLoco/src/OpenLoco/src/World/CompanyAi/CompanyAiPathfinding.cpp:387:19: error: expected nested-name-specifier before 'enum'
  387 |             using enum World::Track::CommonTraitFlags;
      |                   ^~~~
~/Work/AROS-dev/aros-openloco/work/OpenLoco/src/OpenLoco/src/World/CompanyAi/CompanyAiPathfinding.cpp:389:74: error: 'slope' was not declared in this scope
  389 |                 && (World::TrackData::getTrackMiscData(trackId).flags & (slope | steepSlope)) != none)
      |                                                                          ^~~~~
~/Work/AROS-dev/aros-openloco/work/OpenLoco/src/OpenLoco/src/World/CompanyAi/CompanyAiPathfinding.cpp:389:74: note: suggested alternatives:
In file included from ~/Work/AROS-dev/aros-openloco/work/OpenLoco/src/OpenLoco/include/OpenLoco/Objects/BridgeObject.h:3,
                 from ~/Work/AROS-dev/aros-openloco/work/OpenLoco/src/OpenLoco/src/World/CompanyAi/CompanyAiPathfinding.cpp:20:
~/Work/AROS-dev/aros-openloco/work/OpenLoco/src/OpenLoco/include/OpenLoco/Map/Track/TrackEnum.h:77:9: note:   'OpenLoco::World::Track::CommonTraitFlags::slope'
   77 |         slope = 1U << 0,
      |         ^~~~~
~/Work/AROS-dev/aros-openloco/work/OpenLoco/src/OpenLoco/include/OpenLoco/Map/Track/TrackEnum.h:115:9: note:   'OpenLoco::World::Track::RoadTraitFlags::slope'
  115 |         slope = 1U << 2,
      |         ^~~~~
~/Work/AROS-dev/aros-openloco/work/OpenLoco/src/OpenLoco/include/OpenLoco/Map/Track/TrackEnum.h:101:9: note:   'OpenLoco::World::Track::TrackTraitFlags::slope'
  101 |         slope = 1U << 5,
      |         ^~~~~
~/Work/AROS-dev/aros-openloco/work/OpenLoco/src/OpenLoco/src/World/CompanyAi/CompanyAiPathfinding.cpp:389:82: error: 'steepSlope' was not declared in this scope
  389 |                 && (World::TrackData::getTrackMiscData(trackId).flags & (slope | steepSlope)) != none)
      |                                                                                  ^~~~~~~~~~
~/Work/AROS-dev/aros-openloco/work/OpenLoco/src/OpenLoco/src/World/CompanyAi/CompanyAiPathfinding.cpp:389:82: note: suggested alternatives:
In file included from ~/Work/AROS-dev/aros-openloco/work/OpenLoco/src/OpenLoco/include/OpenLoco/Objects/BridgeObject.h:3,
                 from ~/Work/AROS-dev/aros-openloco/work/OpenLoco/src/OpenLoco/src/World/CompanyAi/CompanyAiPathfinding.cpp:20:
~/Work/AROS-dev/aros-openloco/work/OpenLoco/src/OpenLoco/include/OpenLoco/Map/Track/TrackEnum.h:78:9: note:   'OpenLoco::World::Track::CommonTraitFlags::steepSlope'
   78 |         steepSlope = 1U << 1,
      |         ^~~~~~~~~~
~/Work/AROS-dev/aros-openloco/work/OpenLoco/src/OpenLoco/include/OpenLoco/Map/Track/TrackEnum.h:116:9: note:   'OpenLoco::World::Track::RoadTraitFlags::steepSlope'
  116 |         steepSlope = 1U << 3,
      |         ^~~~~~~~~~
~/Work/AROS-dev/aros-openloco/work/OpenLoco/src/OpenLoco/include/OpenLoco/Map/Track/TrackEnum.h:102:9: note:   'OpenLoco::World::Track::TrackTraitFlags::steepSlope'
  102 |         steepSlope = 1U << 6,
      |         ^~~~~~~~~~
~/Work/AROS-dev/aros-openloco/work/OpenLoco/src/OpenLoco/src/World/CompanyAi/CompanyAiPathfinding.cpp:389:98: error: 'none' was not declared in this scope
  389 |                 && (World::TrackData::getTrackMiscData(trackId).flags & (slope | steepSlope)) != none)
      |                                                                                                  ^~~~
~/Work/AROS-dev/aros-openloco/work/OpenLoco/src/OpenLoco/src/World/CompanyAi/CompanyAiPathfinding.cpp:389:98: note: suggested alternatives:
In file included from ~/Work/AROS-dev/aros-openloco/work/OpenLoco/src/OpenLoco/src/World/CompanyAi/CompanyAiPathfinding.cpp:27:
~/Work/AROS-dev/aros-openloco/work/OpenLoco/src/OpenLoco/include/OpenLoco/Objects/TreeObject.h:22:9: note:   'OpenLoco::TreeObjectFlags::none'
   22 |         none = 0U,
      |         ^~~~
In file included from ~/Work/AROS-dev/aros-openloco/work/OpenLoco/src/OpenLoco/src/World/CompanyAi/CompanyAiPathfinding.cpp:26:
~/Work/AROS-dev/aros-openloco/work/OpenLoco/src/OpenLoco/include/OpenLoco/Objects/TrackObject.h:23:9: note:   'OpenLoco::TrackObjectFlags::none'
   23 |         none = 0U,
      |         ^~~~
In file included from ~/Work/AROS-dev/aros-openloco/work/OpenLoco/src/OpenLoco/src/World/CompanyAi/CompanyAiPathfinding.cpp:25:
~/Work/AROS-dev/aros-openloco/work/OpenLoco/src/OpenLoco/include/OpenLoco/Objects/RoadObject.h:26:9: note:   'OpenLoco::RoadObjectFlags::none'
   26 |         none = 0U,
      |         ^~~~
In file included from ~/Work/AROS-dev/aros-openloco/work/OpenLoco/src/OpenLoco/src/World/CompanyAi/CompanyAiPathfinding.cpp:21:
~/Work/AROS-dev/aros-openloco/work/OpenLoco/src/OpenLoco/include/OpenLoco/Objects/BuildingObject.h:42:9: note:   'OpenLoco::TownAmenityCategory::none'
   42 |         none = 0xFFU,  // Most buildings will have this category
      |         ^~~~
~/Work/AROS-dev/aros-openloco/work/OpenLoco/src/OpenLoco/include/OpenLoco/Objects/BuildingObject.h:23:9: note:   'OpenLoco::BuildingObjectFlags::none'
   23 |         none = 0U,
      |         ^~~~
In file included from ~/Work/AROS-dev/aros-openloco/work/OpenLoco/src/OpenLoco/src/World/CompanyAi/CompanyAiPathfinding.cpp:20:
~/Work/AROS-dev/aros-openloco/work/OpenLoco/src/OpenLoco/include/OpenLoco/Objects/BridgeObject.h:24:9: note:   'OpenLoco::BridgeObjectFlags::none'
   24 |         none = 0U,
      |         ^~~~
In file included from ~/Work/AROS-dev/aros-openloco/work/OpenLoco/src/OpenLoco/include/OpenLoco/GameState.h:16,
                 from ~/Work/AROS-dev/aros-openloco/work/OpenLoco/src/OpenLoco/src/World/CompanyAi/CompanyAiPathfinding.cpp:8:
~/Work/AROS-dev/aros-openloco/work/OpenLoco/src/OpenLoco/include/OpenLoco/World/Town.h:26:9: note:   'OpenLoco::TownGrowFlags::none'
   26 |         none = 0U,
      |         ^~~~
~/Work/AROS-dev/aros-openloco/work/OpenLoco/src/OpenLoco/include/OpenLoco/World/Town.h:18:9: note:   'OpenLoco::TownFlags::none'
   18 |         none = 0U,
      |         ^~~~
In file included from ~/Work/AROS-dev/aros-openloco/work/OpenLoco/src/OpenLoco/include/OpenLoco/GameState.h:15,
                 from ~/Work/AROS-dev/aros-openloco/work/OpenLoco/src/OpenLoco/src/World/CompanyAi/CompanyAiPathfinding.cpp:8:
~/Work/AROS-dev/aros-openloco/work/OpenLoco/src/OpenLoco/include/OpenLoco/World/Station.h:80:9: note:   'OpenLoco::StationFlags::none'
   80 |         none = 0U,
      |         ^~~~
~/Work/AROS-dev/aros-openloco/work/OpenLoco/src/OpenLoco/include/OpenLoco/World/Station.h:28:9: note:   'OpenLoco::StationCargoStatsFlags::none'
   28 |         none = 0U,
      |         ^~~~
In file included from ~/Work/AROS-dev/aros-openloco/work/OpenLoco/src/OpenLoco/include/OpenLoco/World/IndustryManager.h:7,
                 from ~/Work/AROS-dev/aros-openloco/work/OpenLoco/src/OpenLoco/include/OpenLoco/GameState.h:14,
                 from ~/Work/AROS-dev/aros-openloco/work/OpenLoco/src/OpenLoco/src/World/CompanyAi/CompanyAiPathfinding.cpp:8:
~/Work/AROS-dev/aros-openloco/work/OpenLoco/src/OpenLoco/include/OpenLoco/Objects/IndustryObject.h:22:9: note:   'OpenLoco::IndustryObjectFlags::none'
   22 |         none = 0U,
      |         ^~~~
In file included from ~/Work/AROS-dev/aros-openloco/work/OpenLoco/src/OpenLoco/include/OpenLoco/GameState.h:13,
                 from ~/Work/AROS-dev/aros-openloco/work/OpenLoco/src/OpenLoco/src/World/CompanyAi/CompanyAiPathfinding.cpp:8:
~/Work/AROS-dev/aros-openloco/work/OpenLoco/src/OpenLoco/include/OpenLoco/World/Industry.h:27:9: note:   'OpenLoco::IndustryFlags::none'
   27 |         none = 0U,
      |         ^~~~
In file included from ~/Work/AROS-dev/aros-openloco/work/OpenLoco/src/OpenLoco/include/OpenLoco/Ui/Window.h:14,
                 from ~/Work/AROS-dev/aros-openloco/work/OpenLoco/src/OpenLoco/include/OpenLoco/Ui/LastMapWindowAttributes.h:3,
                 from ~/Work/AROS-dev/aros-openloco/work/OpenLoco/src/OpenLoco/include/OpenLoco/GameState.h:10,
                 from ~/Work/AROS-dev/aros-openloco/work/OpenLoco/src/OpenLoco/src/World/CompanyAi/CompanyAiPathfinding.cpp:8:
~/Work/AROS-dev/aros-openloco/work/OpenLoco/src/OpenLoco/include/OpenLoco/World/Company.h:38:9: note:   'OpenLoco::AiPlaystyleFlags::none'
   38 |         none = 0U,
      |         ^~~~
~/Work/AROS-dev/aros-openloco/work/OpenLoco/src/OpenLoco/include/OpenLoco/World/Company.h:21:9: note:   'OpenLoco::CompanyFlags::none'
   21 |         none = 0U,
      |         ^~~~
In file included from ~/Work/AROS-dev/aros-openloco/work/OpenLoco/src/OpenLoco/include/OpenLoco/World/Company.h:3,
                 from ~/Work/AROS-dev/aros-openloco/work/OpenLoco/src/OpenLoco/include/OpenLoco/Ui/Window.h:14,
                 from ~/Work/AROS-dev/aros-openloco/work/OpenLoco/src/OpenLoco/include/OpenLoco/Ui/LastMapWindowAttributes.h:3,
                 from ~/Work/AROS-dev/aros-openloco/work/OpenLoco/src/OpenLoco/include/OpenLoco/GameState.h:10,
                 from ~/Work/AROS-dev/aros-openloco/work/OpenLoco/src/OpenLoco/src/World/CompanyAi/CompanyAiPathfinding.cpp:8:
~/Work/AROS-dev/aros-openloco/work/OpenLoco/src/OpenLoco/include/OpenLoco/World/CompanyAi/CompanyAi.h:97:9: note:   'OpenLoco::AiPurchaseFlags::none'
   97 |         none = 0,
      |         ^~~~
~/Work/AROS-dev/aros-openloco/work/OpenLoco/src/OpenLoco/include/OpenLoco/World/CompanyAi/CompanyAi.h:88:9: note:   'OpenLoco::AiThoughtStationFlags::none'
   88 |         none = 0U,
      |         ^~~~
In file included from ~/Work/AROS-dev/aros-openloco/work/OpenLoco/src/OpenLoco/include/OpenLoco/GameState.h:7,
                 from ~/Work/AROS-dev/aros-openloco/work/OpenLoco/src/OpenLoco/src/World/CompanyAi/CompanyAiPathfinding.cpp:8:
~/Work/AROS-dev/aros-openloco/work/OpenLoco/src/OpenLoco/include/OpenLoco/Message.h:74:9: note:   'OpenLoco::MessageTypeFlags::none'
   74 |         none = 0U,
      |         ^~~~
In file included from ~/Work/AROS-dev/aros-openloco/work/OpenLoco/src/OpenLoco/include/OpenLoco/Map/TileState.h:12,
                 from ~/Work/AROS-dev/aros-openloco/work/OpenLoco/src/OpenLoco/include/OpenLoco/GameState.h:5,
                 from ~/Work/AROS-dev/aros-openloco/work/OpenLoco/src/OpenLoco/src/World/CompanyAi/CompanyAiPathfinding.cpp:8:
~/Work/AROS-dev/aros-openloco/work/OpenLoco/src/OpenLoco/include/OpenLoco/Map/WallElement.h:11:9: note:   'OpenLoco::World::EdgeSlope::none'
   11 |         none = 0U,
      |         ^~~~
In file included from ~/Work/AROS-dev/aros-openloco/work/OpenLoco/src/OpenLoco/include/OpenLoco/GameCommands/CompanyAi/AiTrackReplacement.h:3,
                 from ~/Work/AROS-dev/aros-openloco/work/OpenLoco/src/OpenLoco/src/World/CompanyAi/CompanyAiPathfinding.cpp:3:
~/Work/AROS-dev/aros-openloco/work/OpenLoco/src/OpenLoco/include/OpenLoco/GameCommands/GameCommands.h:40:9: note:   'OpenLoco::GameCommands::Flags::none'
   40 |         none = 0U,
      |         ^~~~
In file included from ~/Work/AROS-dev/aros-openloco/work/OpenLoco/src/OpenLoco/include/OpenLoco/GameState.h:9,
                 from ~/Work/AROS-dev/aros-openloco/work/OpenLoco/src/OpenLoco/src/World/CompanyAi/CompanyAiPathfinding.cpp:8:
~/Work/AROS-dev/aros-openloco/work/OpenLoco/src/OpenLoco/include/OpenLoco/Scenario/ScenarioObjective.h:9:9: note:   'OpenLoco::Scenario::ObjectiveFlags::none'
    9 |         none = 0U,
      |         ^~~~
In file included from ~/Work/AROS-dev/aros-openloco/work/OpenLoco/src/OpenLoco/include/OpenLoco/Ui/Window.h:5,
                 from ~/Work/AROS-dev/aros-openloco/work/OpenLoco/src/OpenLoco/include/OpenLoco/Ui/LastMapWindowAttributes.h:3,
                 from ~/Work/AROS-dev/aros-openloco/work/OpenLoco/src/OpenLoco/include/OpenLoco/GameState.h:10,
                 from ~/Work/AROS-dev/aros-openloco/work/OpenLoco/src/OpenLoco/src/World/CompanyAi/CompanyAiPathfinding.cpp:8:
~/Work/AROS-dev/aros-openloco/work/OpenLoco/src/OpenLoco/include/OpenLoco/Graphics/Gfx.h:51:9: note:   'OpenLoco::Gfx::G1ElementFlags::none'
   51 |         none = 0U,
      |         ^~~~
In file included from ~/Work/AROS-dev/aros-openloco/work/OpenLoco/src/OpenLoco/include/OpenLoco/Ui/LastMapWindowAttributes.h:3,
                 from ~/Work/AROS-dev/aros-openloco/work/OpenLoco/src/OpenLoco/include/OpenLoco/GameState.h:10,
                 from ~/Work/AROS-dev/aros-openloco/work/OpenLoco/src/OpenLoco/src/World/CompanyAi/CompanyAiPathfinding.cpp:8:
~/Work/AROS-dev/aros-openloco/work/OpenLoco/src/OpenLoco/include/OpenLoco/Ui/Window.h:42:9: note:   'OpenLoco::Ui::WindowFlags::none'
   42 |         none = 0U,
      |         ^~~~
In file included from ~/Work/AROS-dev/aros-openloco/work/OpenLoco/src/OpenLoco/include/OpenLoco/Ui/Window.h:13,
                 from ~/Work/AROS-dev/aros-openloco/work/OpenLoco/src/OpenLoco/include/OpenLoco/Ui/LastMapWindowAttributes.h:3,
                 from ~/Work/AROS-dev/aros-openloco/work/OpenLoco/src/OpenLoco/include/OpenLoco/GameState.h:10,
                 from ~/Work/AROS-dev/aros-openloco/work/OpenLoco/src/OpenLoco/src/World/CompanyAi/CompanyAiPathfinding.cpp:8:
~/Work/AROS-dev/aros-openloco/work/OpenLoco/src/OpenLoco/include/OpenLoco/Viewport.hpp:51:9: note:   'OpenLoco::Ui::ViewportFlags::none'
   51 |         none = 0U,
      |         ^~~~
In file included from ~/Work/AROS-dev/aros-openloco/work/OpenLoco/src/OpenLoco/include/OpenLoco/Ui/Window.h:10,
                 from ~/Work/AROS-dev/aros-openloco/work/OpenLoco/src/OpenLoco/include/OpenLoco/Ui/LastMapWindowAttributes.h:3,
                 from ~/Work/AROS-dev/aros-openloco/work/OpenLoco/src/OpenLoco/include/OpenLoco/GameState.h:10,
                 from ~/Work/AROS-dev/aros-openloco/work/OpenLoco/src/OpenLoco/src/World/CompanyAi/CompanyAiPathfinding.cpp:8:
~/Work/AROS-dev/aros-openloco/work/OpenLoco/src/OpenLoco/include/OpenLoco/Ui/ScrollFlags.hpp:34:9: note:   'OpenLoco::Ui::ScrollFlags::none'
   34 |         none = 0U,
      |         ^~~~
~/Work/AROS-dev/aros-openloco/work/OpenLoco/src/OpenLoco/include/OpenLoco/Ui/ScrollFlags.hpp:10:9: note:   'OpenLoco::Ui::ScrollPart::none'
   10 |         none = -1,
      |         ^~~~
In file included from ~/Work/AROS-dev/aros-openloco/work/OpenLoco/src/OpenLoco/include/OpenLoco/GameState.h:14,
                 from ~/Work/AROS-dev/aros-openloco/work/OpenLoco/src/OpenLoco/src/World/CompanyAi/CompanyAiPathfinding.cpp:8:
~/Work/AROS-dev/aros-openloco/work/OpenLoco/src/OpenLoco/include/OpenLoco/World/IndustryManager.h:15:9: note:   'OpenLoco::IndustryManager::Flags::none'
   15 |         none = 0U,
      |         ^~~~
In file included from ~/Work/AROS-dev/aros-openloco/work/OpenLoco/src/OpenLoco/src/World/CompanyAi/CompanyAiPathfinding.cpp:15:
~/Work/AROS-dev/aros-openloco/work/OpenLoco/src/OpenLoco/include/OpenLoco/Map/TileManager.h:38:9: note:   'OpenLoco::World::TileManager::ElementPositionFlags::none'
   38 |         none = 0U,
      |         ^~~~
In file included from ~/Work/AROS-dev/aros-openloco/work/OpenLoco/src/OpenLoco/include/OpenLoco/Objects/BridgeObject.h:3,
                 from ~/Work/AROS-dev/aros-openloco/work/OpenLoco/src/OpenLoco/src/World/CompanyAi/CompanyAiPathfinding.cpp:20:
~/Work/AROS-dev/aros-openloco/work/OpenLoco/src/OpenLoco/include/OpenLoco/Map/Track/TrackEnum.h:76:9: note:   'OpenLoco::World::Track::CommonTraitFlags::none'
   76 |         none = 0U,
      |         ^~~~
~/Work/AROS-dev/aros-openloco/work/OpenLoco/src/OpenLoco/include/OpenLoco/Map/Track/TrackEnum.h:112:9: note:   'OpenLoco::World::Track::RoadTraitFlags::none'
  112 |         none = 0U,
      |         ^~~~
~/Work/AROS-dev/aros-openloco/work/OpenLoco/src/OpenLoco/include/OpenLoco/Map/Track/TrackEnum.h:95:9: note:   'OpenLoco::World::Track::TrackTraitFlags::none'
   95 |         none = 0U,
      |         ^~~~
In file included from ~/Work/AROS-dev/aros-openloco/work/OpenLoco/src/OpenLoco/src/World/CompanyAi/CompanyAiPathfinding.cpp:17:
~/Work/AROS-dev/aros-openloco/work/OpenLoco/src/OpenLoco/include/OpenLoco/Map/Track/TrackData.h:25:9: note:   'OpenLoco::World::TrackData::PreviewTrackFlags::none'
   25 |         none = 0U,
      |         ^~~~
In file included from ~/Work/AROS-dev/aros-openloco/work/OpenLoco/src/OpenLoco/include/OpenLoco/Ui/Window.h:10,
                 from ~/Work/AROS-dev/aros-openloco/work/OpenLoco/src/OpenLoco/include/OpenLoco/Ui/LastMapWindowAttributes.h:3,
                 from ~/Work/AROS-dev/aros-openloco/work/OpenLoco/src/OpenLoco/include/OpenLoco/GameState.h:10,
                 from ~/Work/AROS-dev/aros-openloco/work/OpenLoco/src/OpenLoco/src/World/CompanyAi/CompanyAiPathfinding.cpp:8:
~/Work/AROS-dev/aros-openloco/work/OpenLoco/src/OpenLoco/include/OpenLoco/Ui/ScrollFlags.hpp:26:27: note:   'OpenLoco::Ui::Scrollbars::none'
   26 |         constexpr uint8_t none = 0;
      |                           ^~~~
~/Work/AROS-dev/aros-openloco/work/OpenLoco/src/OpenLoco/src/World/CompanyAi/CompanyAiPathfinding.cpp: In function 'bool OpenLoco::CompanyAi::roadBridgeIncursPenalty(OpenLoco::World::Pos3, uint8_t, uint8_t, uint8_t, OpenLoco::CompanyId)':
~/Work/AROS-dev/aros-openloco/work/OpenLoco/src/OpenLoco/src/World/CompanyAi/CompanyAiPathfinding.cpp:1435:15: error: expected nested-name-specifier before 'enum'
 1435 |         using enum World::Track::CommonTraitFlags;
      |               ^~~~
~/Work/AROS-dev/aros-openloco/work/OpenLoco/src/OpenLoco/src/World/CompanyAi/CompanyAiPathfinding.cpp:1437:54: error: 'slope' was not declared in this scope
 1437 |         const bool allowWaterBridge = (traitFlags & (slope | steepSlope | verySmallCurve)) != none;
      |                                                      ^~~~~
~/Work/AROS-dev/aros-openloco/work/OpenLoco/src/OpenLoco/src/World/CompanyAi/CompanyAiPathfinding.cpp:1437:54: note: suggested alternatives:
In file included from ~/Work/AROS-dev/aros-openloco/work/OpenLoco/src/OpenLoco/include/OpenLoco/Objects/BridgeObject.h:3,
                 from ~/Work/AROS-dev/aros-openloco/work/OpenLoco/src/OpenLoco/src/World/CompanyAi/CompanyAiPathfinding.cpp:20:
~/Work/AROS-dev/aros-openloco/work/OpenLoco/src/OpenLoco/include/OpenLoco/Map/Track/TrackEnum.h:77:9: note:   'OpenLoco::World::Track::CommonTraitFlags::slope'
   77 |         slope = 1U << 0,
      |         ^~~~~
~/Work/AROS-dev/aros-openloco/work/OpenLoco/src/OpenLoco/include/OpenLoco/Map/Track/TrackEnum.h:115:9: note:   'OpenLoco::World::Track::RoadTraitFlags::slope'
  115 |         slope = 1U << 2,
      |         ^~~~~
~/Work/AROS-dev/aros-openloco/work/OpenLoco/src/OpenLoco/include/OpenLoco/Map/Track/TrackEnum.h:101:9: note:   'OpenLoco::World::Track::TrackTraitFlags::slope'
  101 |         slope = 1U << 5,
      |         ^~~~~
~/Work/AROS-dev/aros-openloco/work/OpenLoco/src/OpenLoco/src/World/CompanyAi/CompanyAiPathfinding.cpp:1437:62: error: 'steepSlope' was not declared in this scope
 1437 |         const bool allowWaterBridge = (traitFlags & (slope | steepSlope | verySmallCurve)) != none;
      |                                                              ^~~~~~~~~~
~/Work/AROS-dev/aros-openloco/work/OpenLoco/src/OpenLoco/src/World/CompanyAi/CompanyAiPathfinding.cpp:1437:62: note: suggested alternatives:
In file included from ~/Work/AROS-dev/aros-openloco/work/OpenLoco/src/OpenLoco/include/OpenLoco/Objects/BridgeObject.h:3,
                 from ~/Work/AROS-dev/aros-openloco/work/OpenLoco/src/OpenLoco/src/World/CompanyAi/CompanyAiPathfinding.cpp:20:
~/Work/AROS-dev/aros-openloco/work/OpenLoco/src/OpenLoco/include/OpenLoco/Map/Track/TrackEnum.h:78:9: note:   'OpenLoco::World::Track::CommonTraitFlags::steepSlope'
   78 |         steepSlope = 1U << 1,
      |         ^~~~~~~~~~
~/Work/AROS-dev/aros-openloco/work/OpenLoco/src/OpenLoco/include/OpenLoco/Map/Track/TrackEnum.h:116:9: note:   'OpenLoco::World::Track::RoadTraitFlags::steepSlope'
  116 |         steepSlope = 1U << 3,
      |         ^~~~~~~~~~
~/Work/AROS-dev/aros-openloco/work/OpenLoco/src/OpenLoco/include/OpenLoco/Map/Track/TrackEnum.h:102:9: note:   'OpenLoco::World::Track::TrackTraitFlags::steepSlope'
  102 |         steepSlope = 1U << 6,
      |         ^~~~~~~~~~
~/Work/AROS-dev/aros-openloco/work/OpenLoco/src/OpenLoco/src/World/CompanyAi/CompanyAiPathfinding.cpp:1437:75: error: 'verySmallCurve' was not declared in this scope
 1437 |         const bool allowWaterBridge = (traitFlags & (slope | steepSlope | verySmallCurve)) != none;
      |                                                                           ^~~~~~~~~~~~~~
~/Work/AROS-dev/aros-openloco/work/OpenLoco/src/OpenLoco/src/World/CompanyAi/CompanyAiPathfinding.cpp:1437:75: note: suggested alternatives:
In file included from ~/Work/AROS-dev/aros-openloco/work/OpenLoco/src/OpenLoco/include/OpenLoco/Objects/BridgeObject.h:3,
                 from ~/Work/AROS-dev/aros-openloco/work/OpenLoco/src/OpenLoco/src/World/CompanyAi/CompanyAiPathfinding.cpp:20:
~/Work/AROS-dev/aros-openloco/work/OpenLoco/src/OpenLoco/include/OpenLoco/Map/Track/TrackEnum.h:81:9: note:   'OpenLoco::World::Track::CommonTraitFlags::verySmallCurve'
   81 |         verySmallCurve = 1U << 4,
      |         ^~~~~~~~~~~~~~
~/Work/AROS-dev/aros-openloco/work/OpenLoco/src/OpenLoco/include/OpenLoco/Map/Track/TrackEnum.h:114:9: note:   'OpenLoco::World::Track::RoadTraitFlags::verySmallCurve'
  114 |         verySmallCurve = 1U << 1,
      |         ^~~~~~~~~~~~~~
~/Work/AROS-dev/aros-openloco/work/OpenLoco/src/OpenLoco/include/OpenLoco/Map/Track/TrackEnum.h:100:9: note:   'OpenLoco::World::Track::TrackTraitFlags::verySmallCurve'
  100 |         verySmallCurve = 1U << 4,
      |         ^~~~~~~~~~~~~~
~/Work/AROS-dev/aros-openloco/work/OpenLoco/src/OpenLoco/src/World/CompanyAi/CompanyAiPathfinding.cpp:1437:95: error: 'none' was not declared in this scope
 1437 |         const bool allowWaterBridge = (traitFlags & (slope | steepSlope | verySmallCurve)) != none;
      |                                                                                               ^~~~
~/Work/AROS-dev/aros-openloco/work/OpenLoco/src/OpenLoco/src/World/CompanyAi/CompanyAiPathfinding.cpp:1437:95: note: suggested alternatives:
In file included from ~/Work/AROS-dev/aros-openloco/work/OpenLoco/src/OpenLoco/src/World/CompanyAi/CompanyAiPathfinding.cpp:27:
~/Work/AROS-dev/aros-openloco/work/OpenLoco/src/OpenLoco/include/OpenLoco/Objects/TreeObject.h:22:9: note:   'OpenLoco::TreeObjectFlags::none'
   22 |         none = 0U,
      |         ^~~~
In file included from ~/Work/AROS-dev/aros-openloco/work/OpenLoco/src/OpenLoco/src/World/CompanyAi/CompanyAiPathfinding.cpp:26:
~/Work/AROS-dev/aros-openloco/work/OpenLoco/src/OpenLoco/include/OpenLoco/Objects/TrackObject.h:23:9: note:   'OpenLoco::TrackObjectFlags::none'
   23 |         none = 0U,
      |         ^~~~
In file included from ~/Work/AROS-dev/aros-openloco/work/OpenLoco/src/OpenLoco/src/World/CompanyAi/CompanyAiPathfinding.cpp:25:
~/Work/AROS-dev/aros-openloco/work/OpenLoco/src/OpenLoco/include/OpenLoco/Objects/RoadObject.h:26:9: note:   'OpenLoco::RoadObjectFlags::none'
   26 |         none = 0U,
      |         ^~~~
In file included from ~/Work/AROS-dev/aros-openloco/work/OpenLoco/src/OpenLoco/src/World/CompanyAi/CompanyAiPathfinding.cpp:21:
~/Work/AROS-dev/aros-openloco/work/OpenLoco/src/OpenLoco/include/OpenLoco/Objects/BuildingObject.h:42:9: note:   'OpenLoco::TownAmenityCategory::none'
   42 |         none = 0xFFU,  // Most buildings will have this category
      |         ^~~~
~/Work/AROS-dev/aros-openloco/work/OpenLoco/src/OpenLoco/include/OpenLoco/Objects/BuildingObject.h:23:9: note:   'OpenLoco::BuildingObjectFlags::none'
   23 |         none = 0U,
      |         ^~~~
In file included from ~/Work/AROS-dev/aros-openloco/work/OpenLoco/src/OpenLoco/src/World/CompanyAi/CompanyAiPathfinding.cpp:20:
~/Work/AROS-dev/aros-openloco/work/OpenLoco/src/OpenLoco/include/OpenLoco/Objects/BridgeObject.h:24:9: note:   'OpenLoco::BridgeObjectFlags::none'
   24 |         none = 0U,
      |         ^~~~
In file included from ~/Work/AROS-dev/aros-openloco/work/OpenLoco/src/OpenLoco/include/OpenLoco/GameState.h:16,
                 from ~/Work/AROS-dev/aros-openloco/work/OpenLoco/src/OpenLoco/src/World/CompanyAi/CompanyAiPathfinding.cpp:8:
~/Work/AROS-dev/aros-openloco/work/OpenLoco/src/OpenLoco/include/OpenLoco/World/Town.h:26:9: note:   'OpenLoco::TownGrowFlags::none'
   26 |         none = 0U,
      |         ^~~~
~/Work/AROS-dev/aros-openloco/work/OpenLoco/src/OpenLoco/include/OpenLoco/World/Town.h:18:9: note:   'OpenLoco::TownFlags::none'
   18 |         none = 0U,
      |         ^~~~
In file included from ~/Work/AROS-dev/aros-openloco/work/OpenLoco/src/OpenLoco/include/OpenLoco/GameState.h:15,
                 from ~/Work/AROS-dev/aros-openloco/work/OpenLoco/src/OpenLoco/src/World/CompanyAi/CompanyAiPathfinding.cpp:8:
~/Work/AROS-dev/aros-openloco/work/OpenLoco/src/OpenLoco/include/OpenLoco/World/Station.h:80:9: note:   'OpenLoco::StationFlags::none'
   80 |         none = 0U,
      |         ^~~~
~/Work/AROS-dev/aros-openloco/work/OpenLoco/src/OpenLoco/include/OpenLoco/World/Station.h:28:9: note:   'OpenLoco::StationCargoStatsFlags::none'
   28 |         none = 0U,
      |         ^~~~
In file included from ~/Work/AROS-dev/aros-openloco/work/OpenLoco/src/OpenLoco/include/OpenLoco/World/IndustryManager.h:7,
                 from ~/Work/AROS-dev/aros-openloco/work/OpenLoco/src/OpenLoco/include/OpenLoco/GameState.h:14,
                 from ~/Work/AROS-dev/aros-openloco/work/OpenLoco/src/OpenLoco/src/World/CompanyAi/CompanyAiPathfinding.cpp:8:
~/Work/AROS-dev/aros-openloco/work/OpenLoco/src/OpenLoco/include/OpenLoco/Objects/IndustryObject.h:22:9: note:   'OpenLoco::IndustryObjectFlags::none'
   22 |         none = 0U,
      |         ^~~~
In file included from ~/Work/AROS-dev/aros-openloco/work/OpenLoco/src/OpenLoco/include/OpenLoco/GameState.h:13,
                 from ~/Work/AROS-dev/aros-openloco/work/OpenLoco/src/OpenLoco/src/World/CompanyAi/CompanyAiPathfinding.cpp:8:
~/Work/AROS-dev/aros-openloco/work/OpenLoco/src/OpenLoco/include/OpenLoco/World/Industry.h:27:9: note:   'OpenLoco::IndustryFlags::none'
   27 |         none = 0U,
      |         ^~~~
In file included from ~/Work/AROS-dev/aros-openloco/work/OpenLoco/src/OpenLoco/include/OpenLoco/Ui/Window.h:14,
                 from ~/Work/AROS-dev/aros-openloco/work/OpenLoco/src/OpenLoco/include/OpenLoco/Ui/LastMapWindowAttributes.h:3,
                 from ~/Work/AROS-dev/aros-openloco/work/OpenLoco/src/OpenLoco/include/OpenLoco/GameState.h:10,
                 from ~/Work/AROS-dev/aros-openloco/work/OpenLoco/src/OpenLoco/src/World/CompanyAi/CompanyAiPathfinding.cpp:8:
~/Work/AROS-dev/aros-openloco/work/OpenLoco/src/OpenLoco/include/OpenLoco/World/Company.h:38:9: note:   'OpenLoco::AiPlaystyleFlags::none'
   38 |         none = 0U,
      |         ^~~~
~/Work/AROS-dev/aros-openloco/work/OpenLoco/src/OpenLoco/include/OpenLoco/World/Company.h:21:9: note:   'OpenLoco::CompanyFlags::none'
   21 |         none = 0U,
      |         ^~~~
In file included from ~/Work/AROS-dev/aros-openloco/work/OpenLoco/src/OpenLoco/include/OpenLoco/World/Company.h:3,
                 from ~/Work/AROS-dev/aros-openloco/work/OpenLoco/src/OpenLoco/include/OpenLoco/Ui/Window.h:14,
                 from ~/Work/AROS-dev/aros-openloco/work/OpenLoco/src/OpenLoco/include/OpenLoco/Ui/LastMapWindowAttributes.h:3,
                 from ~/Work/AROS-dev/aros-openloco/work/OpenLoco/src/OpenLoco/include/OpenLoco/GameState.h:10,
                 from ~/Work/AROS-dev/aros-openloco/work/OpenLoco/src/OpenLoco/src/World/CompanyAi/CompanyAiPathfinding.cpp:8:
~/Work/AROS-dev/aros-openloco/work/OpenLoco/src/OpenLoco/include/OpenLoco/World/CompanyAi/CompanyAi.h:97:9: note:   'OpenLoco::AiPurchaseFlags::none'
   97 |         none = 0,
      |         ^~~~
~/Work/AROS-dev/aros-openloco/work/OpenLoco/src/OpenLoco/include/OpenLoco/World/CompanyAi/CompanyAi.h:88:9: note:   'OpenLoco::AiThoughtStationFlags::none'
   88 |         none = 0U,
      |         ^~~~
In file included from ~/Work/AROS-dev/aros-openloco/work/OpenLoco/src/OpenLoco/include/OpenLoco/GameState.h:7,
                 from ~/Work/AROS-dev/aros-openloco/work/OpenLoco/src/OpenLoco/src/World/CompanyAi/CompanyAiPathfinding.cpp:8:
~/Work/AROS-dev/aros-openloco/work/OpenLoco/src/OpenLoco/include/OpenLoco/Message.h:74:9: note:   'OpenLoco::MessageTypeFlags::none'
   74 |         none = 0U,
      |         ^~~~
In file included from ~/Work/AROS-dev/aros-openloco/work/OpenLoco/src/OpenLoco/include/OpenLoco/Map/TileState.h:12,
                 from ~/Work/AROS-dev/aros-openloco/work/OpenLoco/src/OpenLoco/include/OpenLoco/GameState.h:5,
                 from ~/Work/AROS-dev/aros-openloco/work/OpenLoco/src/OpenLoco/src/World/CompanyAi/CompanyAiPathfinding.cpp:8:
~/Work/AROS-dev/aros-openloco/work/OpenLoco/src/OpenLoco/include/OpenLoco/Map/WallElement.h:11:9: note:   'OpenLoco::World::EdgeSlope::none'
   11 |         none = 0U,
      |         ^~~~
In file included from ~/Work/AROS-dev/aros-openloco/work/OpenLoco/src/OpenLoco/include/OpenLoco/GameCommands/CompanyAi/AiTrackReplacement.h:3,
                 from ~/Work/AROS-dev/aros-openloco/work/OpenLoco/src/OpenLoco/src/World/CompanyAi/CompanyAiPathfinding.cpp:3:
~/Work/AROS-dev/aros-openloco/work/OpenLoco/src/OpenLoco/include/OpenLoco/GameCommands/GameCommands.h:40:9: note:   'OpenLoco::GameCommands::Flags::none'
   40 |         none = 0U,
      |         ^~~~
In file included from ~/Work/AROS-dev/aros-openloco/work/OpenLoco/src/OpenLoco/include/OpenLoco/GameState.h:9,
                 from ~/Work/AROS-dev/aros-openloco/work/OpenLoco/src/OpenLoco/src/World/CompanyAi/CompanyAiPathfinding.cpp:8:
~/Work/AROS-dev/aros-openloco/work/OpenLoco/src/OpenLoco/include/OpenLoco/Scenario/ScenarioObjective.h:9:9: note:   'OpenLoco::Scenario::ObjectiveFlags::none'
    9 |         none = 0U,
      |         ^~~~
In file included from ~/Work/AROS-dev/aros-openloco/work/OpenLoco/src/OpenLoco/include/OpenLoco/Ui/Window.h:5,
                 from ~/Work/AROS-dev/aros-openloco/work/OpenLoco/src/OpenLoco/include/OpenLoco/Ui/LastMapWindowAttributes.h:3,
                 from ~/Work/AROS-dev/aros-openloco/work/OpenLoco/src/OpenLoco/include/OpenLoco/GameState.h:10,
                 from ~/Work/AROS-dev/aros-openloco/work/OpenLoco/src/OpenLoco/src/World/CompanyAi/CompanyAiPathfinding.cpp:8:
~/Work/AROS-dev/aros-openloco/work/OpenLoco/src/OpenLoco/include/OpenLoco/Graphics/Gfx.h:51:9: note:   'OpenLoco::Gfx::G1ElementFlags::none'
   51 |         none = 0U,
      |         ^~~~
In file included from ~/Work/AROS-dev/aros-openloco/work/OpenLoco/src/OpenLoco/include/OpenLoco/Ui/LastMapWindowAttributes.h:3,
                 from ~/Work/AROS-dev/aros-openloco/work/OpenLoco/src/OpenLoco/include/OpenLoco/GameState.h:10,
                 from ~/Work/AROS-dev/aros-openloco/work/OpenLoco/src/OpenLoco/src/World/CompanyAi/CompanyAiPathfinding.cpp:8:
~/Work/AROS-dev/aros-openloco/work/OpenLoco/src/OpenLoco/include/OpenLoco/Ui/Window.h:42:9: note:   'OpenLoco::Ui::WindowFlags::none'
   42 |         none = 0U,
      |         ^~~~
In file included from ~/Work/AROS-dev/aros-openloco/work/OpenLoco/src/OpenLoco/include/OpenLoco/Ui/Window.h:13,
                 from ~/Work/AROS-dev/aros-openloco/work/OpenLoco/src/OpenLoco/include/OpenLoco/Ui/LastMapWindowAttributes.h:3,
                 from ~/Work/AROS-dev/aros-openloco/work/OpenLoco/src/OpenLoco/include/OpenLoco/GameState.h:10,
                 from ~/Work/AROS-dev/aros-openloco/work/OpenLoco/src/OpenLoco/src/World/CompanyAi/CompanyAiPathfinding.cpp:8:
~/Work/AROS-dev/aros-openloco/work/OpenLoco/src/OpenLoco/include/OpenLoco/Viewport.hpp:51:9: note:   'OpenLoco::Ui::ViewportFlags::none'
   51 |         none = 0U,
      |         ^~~~
In file included from ~/Work/AROS-dev/aros-openloco/work/OpenLoco/src/OpenLoco/include/OpenLoco/Ui/Window.h:10,
                 from ~/Work/AROS-dev/aros-openloco/work/OpenLoco/src/OpenLoco/include/OpenLoco/Ui/LastMapWindowAttributes.h:3,
                 from ~/Work/AROS-dev/aros-openloco/work/OpenLoco/src/OpenLoco/include/OpenLoco/GameState.h:10,
                 from ~/Work/AROS-dev/aros-openloco/work/OpenLoco/src/OpenLoco/src/World/CompanyAi/CompanyAiPathfinding.cpp:8:
~/Work/AROS-dev/aros-openloco/work/OpenLoco/src/OpenLoco/include/OpenLoco/Ui/ScrollFlags.hpp:34:9: note:   'OpenLoco::Ui::ScrollFlags::none'
   34 |         none = 0U,
      |         ^~~~
~/Work/AROS-dev/aros-openloco/work/OpenLoco/src/OpenLoco/include/OpenLoco/Ui/ScrollFlags.hpp:10:9: note:   'OpenLoco::Ui::ScrollPart::none'
   10 |         none = -1,
      |         ^~~~
In file included from ~/Work/AROS-dev/aros-openloco/work/OpenLoco/src/OpenLoco/include/OpenLoco/GameState.h:14,
                 from ~/Work/AROS-dev/aros-openloco/work/OpenLoco/src/OpenLoco/src/World/CompanyAi/CompanyAiPathfinding.cpp:8:
~/Work/AROS-dev/aros-openloco/work/OpenLoco/src/OpenLoco/include/OpenLoco/World/IndustryManager.h:15:9: note:   'OpenLoco::IndustryManager::Flags::none'
   15 |         none = 0U,
      |         ^~~~
In file included from ~/Work/AROS-dev/aros-openloco/work/OpenLoco/src/OpenLoco/src/World/CompanyAi/CompanyAiPathfinding.cpp:15:
~/Work/AROS-dev/aros-openloco/work/OpenLoco/src/OpenLoco/include/OpenLoco/Map/TileManager.h:38:9: note:   'OpenLoco::World::TileManager::ElementPositionFlags::none'
   38 |         none = 0U,
      |         ^~~~
In file included from ~/Work/AROS-dev/aros-openloco/work/OpenLoco/src/OpenLoco/include/OpenLoco/Objects/BridgeObject.h:3,
                 from ~/Work/AROS-dev/aros-openloco/work/OpenLoco/src/OpenLoco/src/World/CompanyAi/CompanyAiPathfinding.cpp:20:
~/Work/AROS-dev/aros-openloco/work/OpenLoco/src/OpenLoco/include/OpenLoco/Map/Track/TrackEnum.h:76:9: note:   'OpenLoco::World::Track::CommonTraitFlags::none'
   76 |         none = 0U,
      |         ^~~~
~/Work/AROS-dev/aros-openloco/work/OpenLoco/src/OpenLoco/include/OpenLoco/Map/Track/TrackEnum.h:112:9: note:   'OpenLoco::World::Track::RoadTraitFlags::none'
  112 |         none = 0U,
      |         ^~~~
~/Work/AROS-dev/aros-openloco/work/OpenLoco/src/OpenLoco/include/OpenLoco/Map/Track/TrackEnum.h:95:9: note:   'OpenLoco::World::Track::TrackTraitFlags::none'
   95 |         none = 0U,
      |         ^~~~
In file included from ~/Work/AROS-dev/aros-openloco/work/OpenLoco/src/OpenLoco/src/World/CompanyAi/CompanyAiPathfinding.cpp:17:
~/Work/AROS-dev/aros-openloco/work/OpenLoco/src/OpenLoco/include/OpenLoco/Map/Track/TrackData.h:25:9: note:   'OpenLoco::World::TrackData::PreviewTrackFlags::none'
   25 |         none = 0U,
      |         ^~~~
In file included from ~/Work/AROS-dev/aros-openloco/work/OpenLoco/src/OpenLoco/include/OpenLoco/Ui/Window.h:10,
                 from ~/Work/AROS-dev/aros-openloco/work/OpenLoco/src/OpenLoco/include/OpenLoco/Ui/LastMapWindowAttributes.h:3,
                 from ~/Work/AROS-dev/aros-openloco/work/OpenLoco/src/OpenLoco/include/OpenLoco/GameState.h:10,
                 from ~/Work/AROS-dev/aros-openloco/work/OpenLoco/src/OpenLoco/src/World/CompanyAi/CompanyAiPathfinding.cpp:8:
~/Work/AROS-dev/aros-openloco/work/OpenLoco/src/OpenLoco/include/OpenLoco/Ui/ScrollFlags.hpp:26:27: note:   'OpenLoco::Ui::Scrollbars::none'
   26 |         constexpr uint8_t none = 0;
      |                           ^~~~
~/Work/AROS-dev/aros-openloco/work/OpenLoco/src/OpenLoco/src/World/CompanyAi/CompanyAiPathfinding.cpp: In function 'bool OpenLoco::CompanyAi::trackBridgeIncursPenalty(OpenLoco::World::Pos3, uint8_t, uint8_t, uint8_t, uint8_t)':
~/Work/AROS-dev/aros-openloco/work/OpenLoco/src/OpenLoco/src/World/CompanyAi/CompanyAiPathfinding.cpp:1656:15: error: expected nested-name-specifier before 'enum'
 1656 |         using enum World::Track::CommonTraitFlags;
      |               ^~~~
~/Work/AROS-dev/aros-openloco/work/OpenLoco/src/OpenLoco/src/World/CompanyAi/CompanyAiPathfinding.cpp:1658:54: error: 'slope' was not declared in this scope
 1658 |         const bool allowWaterBridge = (traitFlags & (slope | steepSlope | verySmallCurve)) != none;
      |                                                      ^~~~~
~/Work/AROS-dev/aros-openloco/work/OpenLoco/src/OpenLoco/src/World/CompanyAi/CompanyAiPathfinding.cpp:1658:54: note: suggested alternatives:
In file included from ~/Work/AROS-dev/aros-openloco/work/OpenLoco/src/OpenLoco/include/OpenLoco/Objects/BridgeObject.h:3,
                 from ~/Work/AROS-dev/aros-openloco/work/OpenLoco/src/OpenLoco/src/World/CompanyAi/CompanyAiPathfinding.cpp:20:
~/Work/AROS-dev/aros-openloco/work/OpenLoco/src/OpenLoco/include/OpenLoco/Map/Track/TrackEnum.h:77:9: note:   'OpenLoco::World::Track::CommonTraitFlags::slope'
   77 |         slope = 1U << 0,
      |         ^~~~~
~/Work/AROS-dev/aros-openloco/work/OpenLoco/src/OpenLoco/include/OpenLoco/Map/Track/TrackEnum.h:115:9: note:   'OpenLoco::World::Track::RoadTraitFlags::slope'
  115 |         slope = 1U << 2,
      |         ^~~~~
~/Work/AROS-dev/aros-openloco/work/OpenLoco/src/OpenLoco/include/OpenLoco/Map/Track/TrackEnum.h:101:9: note:   'OpenLoco::World::Track::TrackTraitFlags::slope'
  101 |         slope = 1U << 5,
      |         ^~~~~
~/Work/AROS-dev/aros-openloco/work/OpenLoco/src/OpenLoco/src/World/CompanyAi/CompanyAiPathfinding.cpp:1658:62: error: 'steepSlope' was not declared in this scope
 1658 |         const bool allowWaterBridge = (traitFlags & (slope | steepSlope | verySmallCurve)) != none;
      |                                                              ^~~~~~~~~~
~/Work/AROS-dev/aros-openloco/work/OpenLoco/src/OpenLoco/src/World/CompanyAi/CompanyAiPathfinding.cpp:1658:62: note: suggested alternatives:
In file included from ~/Work/AROS-dev/aros-openloco/work/OpenLoco/src/OpenLoco/include/OpenLoco/Objects/BridgeObject.h:3,
                 from ~/Work/AROS-dev/aros-openloco/work/OpenLoco/src/OpenLoco/src/World/CompanyAi/CompanyAiPathfinding.cpp:20:
~/Work/AROS-dev/aros-openloco/work/OpenLoco/src/OpenLoco/include/OpenLoco/Map/Track/TrackEnum.h:78:9: note:   'OpenLoco::World::Track::CommonTraitFlags::steepSlope'
   78 |         steepSlope = 1U << 1,
      |         ^~~~~~~~~~
~/Work/AROS-dev/aros-openloco/work/OpenLoco/src/OpenLoco/include/OpenLoco/Map/Track/TrackEnum.h:116:9: note:   'OpenLoco::World::Track::RoadTraitFlags::steepSlope'
  116 |         steepSlope = 1U << 3,
      |         ^~~~~~~~~~
~/Work/AROS-dev/aros-openloco/work/OpenLoco/src/OpenLoco/include/OpenLoco/Map/Track/TrackEnum.h:102:9: note:   'OpenLoco::World::Track::TrackTraitFlags::steepSlope'
  102 |         steepSlope = 1U << 6,
      |         ^~~~~~~~~~
~/Work/AROS-dev/aros-openloco/work/OpenLoco/src/OpenLoco/src/World/CompanyAi/CompanyAiPathfinding.cpp:1658:75: error: 'verySmallCurve' was not declared in this scope
 1658 |         const bool allowWaterBridge = (traitFlags & (slope | steepSlope | verySmallCurve)) != none;
      |                                                                           ^~~~~~~~~~~~~~
~/Work/AROS-dev/aros-openloco/work/OpenLoco/src/OpenLoco/src/World/CompanyAi/CompanyAiPathfinding.cpp:1658:75: note: suggested alternatives:
In file included from ~/Work/AROS-dev/aros-openloco/work/OpenLoco/src/OpenLoco/include/OpenLoco/Objects/BridgeObject.h:3,
                 from ~/Work/AROS-dev/aros-openloco/work/OpenLoco/src/OpenLoco/src/World/CompanyAi/CompanyAiPathfinding.cpp:20:
~/Work/AROS-dev/aros-openloco/work/OpenLoco/src/OpenLoco/include/OpenLoco/Map/Track/TrackEnum.h:81:9: note:   'OpenLoco::World::Track::CommonTraitFlags::verySmallCurve'
   81 |         verySmallCurve = 1U << 4,
      |         ^~~~~~~~~~~~~~
~/Work/AROS-dev/aros-openloco/work/OpenLoco/src/OpenLoco/include/OpenLoco/Map/Track/TrackEnum.h:114:9: note:   'OpenLoco::World::Track::RoadTraitFlags::verySmallCurve'
  114 |         verySmallCurve = 1U << 1,
      |         ^~~~~~~~~~~~~~
~/Work/AROS-dev/aros-openloco/work/OpenLoco/src/OpenLoco/include/OpenLoco/Map/Track/TrackEnum.h:100:9: note:   'OpenLoco::World::Track::TrackTraitFlags::verySmallCurve'
  100 |         verySmallCurve = 1U << 4,
      |         ^~~~~~~~~~~~~~
~/Work/AROS-dev/aros-openloco/work/OpenLoco/src/OpenLoco/src/World/CompanyAi/CompanyAiPathfinding.cpp:1658:95: error: 'none' was not declared in this scope
 1658 |         const bool allowWaterBridge = (traitFlags & (slope | steepSlope | verySmallCurve)) != none;
      |                                                                                               ^~~~
~/Work/AROS-dev/aros-openloco/work/OpenLoco/src/OpenLoco/src/World/CompanyAi/CompanyAiPathfinding.cpp:1658:95: note: suggested alternatives:
In file included from ~/Work/AROS-dev/aros-openloco/work/OpenLoco/src/OpenLoco/src/World/CompanyAi/CompanyAiPathfinding.cpp:27:
~/Work/AROS-dev/aros-openloco/work/OpenLoco/src/OpenLoco/include/OpenLoco/Objects/TreeObject.h:22:9: note:   'OpenLoco::TreeObjectFlags::none'
   22 |         none = 0U,
      |         ^~~~
In file included from ~/Work/AROS-dev/aros-openloco/work/OpenLoco/src/OpenLoco/src/World/CompanyAi/CompanyAiPathfinding.cpp:26:
~/Work/AROS-dev/aros-openloco/work/OpenLoco/src/OpenLoco/include/OpenLoco/Objects/TrackObject.h:23:9: note:   'OpenLoco::TrackObjectFlags::none'
   23 |         none = 0U,
      |         ^~~~
In file included from ~/Work/AROS-dev/aros-openloco/work/OpenLoco/src/OpenLoco/src/World/CompanyAi/CompanyAiPathfinding.cpp:25:
~/Work/AROS-dev/aros-openloco/work/OpenLoco/src/OpenLoco/include/OpenLoco/Objects/RoadObject.h:26:9: note:   'OpenLoco::RoadObjectFlags::none'
   26 |         none = 0U,
      |         ^~~~
In file included from ~/Work/AROS-dev/aros-openloco/work/OpenLoco/src/OpenLoco/src/World/CompanyAi/CompanyAiPathfinding.cpp:21:
~/Work/AROS-dev/aros-openloco/work/OpenLoco/src/OpenLoco/include/OpenLoco/Objects/BuildingObject.h:42:9: note:   'OpenLoco::TownAmenityCategory::none'
   42 |         none = 0xFFU,  // Most buildings will have this category
      |         ^~~~
~/Work/AROS-dev/aros-openloco/work/OpenLoco/src/OpenLoco/include/OpenLoco/Objects/BuildingObject.h:23:9: note:   'OpenLoco::BuildingObjectFlags::none'
   23 |         none = 0U,
      |         ^~~~
In file included from ~/Work/AROS-dev/aros-openloco/work/OpenLoco/src/OpenLoco/src/World/CompanyAi/CompanyAiPathfinding.cpp:20:
~/Work/AROS-dev/aros-openloco/work/OpenLoco/src/OpenLoco/include/OpenLoco/Objects/BridgeObject.h:24:9: note:   'OpenLoco::BridgeObjectFlags::none'
   24 |         none = 0U,
      |         ^~~~
In file included from ~/Work/AROS-dev/aros-openloco/work/OpenLoco/src/OpenLoco/include/OpenLoco/GameState.h:16,
                 from ~/Work/AROS-dev/aros-openloco/work/OpenLoco/src/OpenLoco/src/World/CompanyAi/CompanyAiPathfinding.cpp:8:
~/Work/AROS-dev/aros-openloco/work/OpenLoco/src/OpenLoco/include/OpenLoco/World/Town.h:26:9: note:   'OpenLoco::TownGrowFlags::none'
   26 |         none = 0U,
      |         ^~~~
~/Work/AROS-dev/aros-openloco/work/OpenLoco/src/OpenLoco/include/OpenLoco/World/Town.h:18:9: note:   'OpenLoco::TownFlags::none'
   18 |         none = 0U,
      |         ^~~~
In file included from ~/Work/AROS-dev/aros-openloco/work/OpenLoco/src/OpenLoco/include/OpenLoco/GameState.h:15,
                 from ~/Work/AROS-dev/aros-openloco/work/OpenLoco/src/OpenLoco/src/World/CompanyAi/CompanyAiPathfinding.cpp:8:
~/Work/AROS-dev/aros-openloco/work/OpenLoco/src/OpenLoco/include/OpenLoco/World/Station.h:80:9: note:   'OpenLoco::StationFlags::none'
   80 |         none = 0U,
      |         ^~~~
~/Work/AROS-dev/aros-openloco/work/OpenLoco/src/OpenLoco/include/OpenLoco/World/Station.h:28:9: note:   'OpenLoco::StationCargoStatsFlags::none'
   28 |         none = 0U,
      |         ^~~~
In file included from ~/Work/AROS-dev/aros-openloco/work/OpenLoco/src/OpenLoco/include/OpenLoco/World/IndustryManager.h:7,
                 from ~/Work/AROS-dev/aros-openloco/work/OpenLoco/src/OpenLoco/include/OpenLoco/GameState.h:14,
                 from ~/Work/AROS-dev/aros-openloco/work/OpenLoco/src/OpenLoco/src/World/CompanyAi/CompanyAiPathfinding.cpp:8:
~/Work/AROS-dev/aros-openloco/work/OpenLoco/src/OpenLoco/include/OpenLoco/Objects/IndustryObject.h:22:9: note:   'OpenLoco::IndustryObjectFlags::none'
   22 |         none = 0U,
      |         ^~~~
In file included from ~/Work/AROS-dev/aros-openloco/work/OpenLoco/src/OpenLoco/include/OpenLoco/GameState.h:13,
                 from ~/Work/AROS-dev/aros-openloco/work/OpenLoco/src/OpenLoco/src/World/CompanyAi/CompanyAiPathfinding.cpp:8:
~/Work/AROS-dev/aros-openloco/work/OpenLoco/src/OpenLoco/include/OpenLoco/World/Industry.h:27:9: note:   'OpenLoco::IndustryFlags::none'
   27 |         none = 0U,
      |         ^~~~
In file included from ~/Work/AROS-dev/aros-openloco/work/OpenLoco/src/OpenLoco/include/OpenLoco/Ui/Window.h:14,
                 from ~/Work/AROS-dev/aros-openloco/work/OpenLoco/src/OpenLoco/include/OpenLoco/Ui/LastMapWindowAttributes.h:3,
                 from ~/Work/AROS-dev/aros-openloco/work/OpenLoco/src/OpenLoco/include/OpenLoco/GameState.h:10,
                 from ~/Work/AROS-dev/aros-openloco/work/OpenLoco/src/OpenLoco/src/World/CompanyAi/CompanyAiPathfinding.cpp:8:
~/Work/AROS-dev/aros-openloco/work/OpenLoco/src/OpenLoco/include/OpenLoco/World/Company.h:38:9: note:   'OpenLoco::AiPlaystyleFlags::none'
   38 |         none = 0U,
      |         ^~~~
~/Work/AROS-dev/aros-openloco/work/OpenLoco/src/OpenLoco/include/OpenLoco/World/Company.h:21:9: note:   'OpenLoco::CompanyFlags::none'
   21 |         none = 0U,
      |         ^~~~
In file included from ~/Work/AROS-dev/aros-openloco/work/OpenLoco/src/OpenLoco/include/OpenLoco/World/Company.h:3,
                 from ~/Work/AROS-dev/aros-openloco/work/OpenLoco/src/OpenLoco/include/OpenLoco/Ui/Window.h:14,
                 from ~/Work/AROS-dev/aros-openloco/work/OpenLoco/src/OpenLoco/include/OpenLoco/Ui/LastMapWindowAttributes.h:3,
                 from ~/Work/AROS-dev/aros-openloco/work/OpenLoco/src/OpenLoco/include/OpenLoco/GameState.h:10,
                 from ~/Work/AROS-dev/aros-openloco/work/OpenLoco/src/OpenLoco/src/World/CompanyAi/CompanyAiPathfinding.cpp:8:
~/Work/AROS-dev/aros-openloco/work/OpenLoco/src/OpenLoco/include/OpenLoco/World/CompanyAi/CompanyAi.h:97:9: note:   'OpenLoco::AiPurchaseFlags::none'
   97 |         none = 0,
      |         ^~~~
~/Work/AROS-dev/aros-openloco/work/OpenLoco/src/OpenLoco/include/OpenLoco/World/CompanyAi/CompanyAi.h:88:9: note:   'OpenLoco::AiThoughtStationFlags::none'
   88 |         none = 0U,
      |         ^~~~
In file included from ~/Work/AROS-dev/aros-openloco/work/OpenLoco/src/OpenLoco/include/OpenLoco/GameState.h:7,
                 from ~/Work/AROS-dev/aros-openloco/work/OpenLoco/src/OpenLoco/src/World/CompanyAi/CompanyAiPathfinding.cpp:8:
~/Work/AROS-dev/aros-openloco/work/OpenLoco/src/OpenLoco/include/OpenLoco/Message.h:74:9: note:   'OpenLoco::MessageTypeFlags::none'
   74 |         none = 0U,
      |         ^~~~
In file included from ~/Work/AROS-dev/aros-openloco/work/OpenLoco/src/OpenLoco/include/OpenLoco/Map/TileState.h:12,
                 from ~/Work/AROS-dev/aros-openloco/work/OpenLoco/src/OpenLoco/include/OpenLoco/GameState.h:5,
                 from ~/Work/AROS-dev/aros-openloco/work/OpenLoco/src/OpenLoco/src/World/CompanyAi/CompanyAiPathfinding.cpp:8:
~/Work/AROS-dev/aros-openloco/work/OpenLoco/src/OpenLoco/include/OpenLoco/Map/WallElement.h:11:9: note:   'OpenLoco::World::EdgeSlope::none'
   11 |         none = 0U,
      |         ^~~~
In file included from ~/Work/AROS-dev/aros-openloco/work/OpenLoco/src/OpenLoco/include/OpenLoco/GameCommands/CompanyAi/AiTrackReplacement.h:3,
                 from ~/Work/AROS-dev/aros-openloco/work/OpenLoco/src/OpenLoco/src/World/CompanyAi/CompanyAiPathfinding.cpp:3:
~/Work/AROS-dev/aros-openloco/work/OpenLoco/src/OpenLoco/include/OpenLoco/GameCommands/GameCommands.h:40:9: note:   'OpenLoco::GameCommands::Flags::none'
   40 |         none = 0U,
      |         ^~~~
In file included from ~/Work/AROS-dev/aros-openloco/work/OpenLoco/src/OpenLoco/include/OpenLoco/GameState.h:9,
                 from ~/Work/AROS-dev/aros-openloco/work/OpenLoco/src/OpenLoco/src/World/CompanyAi/CompanyAiPathfinding.cpp:8:
~/Work/AROS-dev/aros-openloco/work/OpenLoco/src/OpenLoco/include/OpenLoco/Scenario/ScenarioObjective.h:9:9: note:   'OpenLoco::Scenario::ObjectiveFlags::none'
    9 |         none = 0U,
      |         ^~~~
In file included from ~/Work/AROS-dev/aros-openloco/work/OpenLoco/src/OpenLoco/include/OpenLoco/Ui/Window.h:5,
                 from ~/Work/AROS-dev/aros-openloco/work/OpenLoco/src/OpenLoco/include/OpenLoco/Ui/LastMapWindowAttributes.h:3,
                 from ~/Work/AROS-dev/aros-openloco/work/OpenLoco/src/OpenLoco/include/OpenLoco/GameState.h:10,
                 from ~/Work/AROS-dev/aros-openloco/work/OpenLoco/src/OpenLoco/src/World/CompanyAi/CompanyAiPathfinding.cpp:8:
~/Work/AROS-dev/aros-openloco/work/OpenLoco/src/OpenLoco/include/OpenLoco/Graphics/Gfx.h:51:9: note:   'OpenLoco::Gfx::G1ElementFlags::none'
   51 |         none = 0U,
      |         ^~~~
In file included from ~/Work/AROS-dev/aros-openloco/work/OpenLoco/src/OpenLoco/include/OpenLoco/Ui/LastMapWindowAttributes.h:3,
                 from ~/Work/AROS-dev/aros-openloco/work/OpenLoco/src/OpenLoco/include/OpenLoco/GameState.h:10,
                 from ~/Work/AROS-dev/aros-openloco/work/OpenLoco/src/OpenLoco/src/World/CompanyAi/CompanyAiPathfinding.cpp:8:
~/Work/AROS-dev/aros-openloco/work/OpenLoco/src/OpenLoco/include/OpenLoco/Ui/Window.h:42:9: note:   'OpenLoco::Ui::WindowFlags::none'
   42 |         none = 0U,
      |         ^~~~
In file included from ~/Work/AROS-dev/aros-openloco/work/OpenLoco/src/OpenLoco/include/OpenLoco/Ui/Window.h:13,
                 from ~/Work/AROS-dev/aros-openloco/work/OpenLoco/src/OpenLoco/include/OpenLoco/Ui/LastMapWindowAttributes.h:3,
                 from ~/Work/AROS-dev/aros-openloco/work/OpenLoco/src/OpenLoco/include/OpenLoco/GameState.h:10,
                 from ~/Work/AROS-dev/aros-openloco/work/OpenLoco/src/OpenLoco/src/World/CompanyAi/CompanyAiPathfinding.cpp:8:
~/Work/AROS-dev/aros-openloco/work/OpenLoco/src/OpenLoco/include/OpenLoco/Viewport.hpp:51:9: note:   'OpenLoco::Ui::ViewportFlags::none'
   51 |         none = 0U,
      |         ^~~~
In file included from ~/Work/AROS-dev/aros-openloco/work/OpenLoco/src/OpenLoco/include/OpenLoco/Ui/Window.h:10,
                 from ~/Work/AROS-dev/aros-openloco/work/OpenLoco/src/OpenLoco/include/OpenLoco/Ui/LastMapWindowAttributes.h:3,
                 from ~/Work/AROS-dev/aros-openloco/work/OpenLoco/src/OpenLoco/include/OpenLoco/GameState.h:10,
                 from ~/Work/AROS-dev/aros-openloco/work/OpenLoco/src/OpenLoco/src/World/CompanyAi/CompanyAiPathfinding.cpp:8:
~/Work/AROS-dev/aros-openloco/work/OpenLoco/src/OpenLoco/include/OpenLoco/Ui/ScrollFlags.hpp:34:9: note:   'OpenLoco::Ui::ScrollFlags::none'
   34 |         none = 0U,
      |         ^~~~
~/Work/AROS-dev/aros-openloco/work/OpenLoco/src/OpenLoco/include/OpenLoco/Ui/ScrollFlags.hpp:10:9: note:   'OpenLoco::Ui::ScrollPart::none'
   10 |         none = -1,
      |         ^~~~
In file included from ~/Work/AROS-dev/aros-openloco/work/OpenLoco/src/OpenLoco/include/OpenLoco/GameState.h:14,
                 from ~/Work/AROS-dev/aros-openloco/work/OpenLoco/src/OpenLoco/src/World/CompanyAi/CompanyAiPathfinding.cpp:8:
~/Work/AROS-dev/aros-openloco/work/OpenLoco/src/OpenLoco/include/OpenLoco/World/IndustryManager.h:15:9: note:   'OpenLoco::IndustryManager::Flags::none'
   15 |         none = 0U,
      |         ^~~~
In file included from ~/Work/AROS-dev/aros-openloco/work/OpenLoco/src/OpenLoco/src/World/CompanyAi/CompanyAiPathfinding.cpp:15:
~/Work/AROS-dev/aros-openloco/work/OpenLoco/src/OpenLoco/include/OpenLoco/Map/TileManager.h:38:9: note:   'OpenLoco::World::TileManager::ElementPositionFlags::none'
   38 |         none = 0U,
      |         ^~~~
In file included from ~/Work/AROS-dev/aros-openloco/work/OpenLoco/src/OpenLoco/include/OpenLoco/Objects/BridgeObject.h:3,
                 from ~/Work/AROS-dev/aros-openloco/work/OpenLoco/src/OpenLoco/src/World/CompanyAi/CompanyAiPathfinding.cpp:20:
~/Work/AROS-dev/aros-openloco/work/OpenLoco/src/OpenLoco/include/OpenLoco/Map/Track/TrackEnum.h:76:9: note:   'OpenLoco::World::Track::CommonTraitFlags::none'
   76 |         none = 0U,
      |         ^~~~
~/Work/AROS-dev/aros-openloco/work/OpenLoco/src/OpenLoco/include/OpenLoco/Map/Track/TrackEnum.h:112:9: note:   'OpenLoco::World::Track::RoadTraitFlags::none'
  112 |         none = 0U,
      |         ^~~~
~/Work/AROS-dev/aros-openloco/work/OpenLoco/src/OpenLoco/include/OpenLoco/Map/Track/TrackEnum.h:95:9: note:   'OpenLoco::World::Track::TrackTraitFlags::none'
   95 |         none = 0U,
      |         ^~~~
In file included from ~/Work/AROS-dev/aros-openloco/work/OpenLoco/src/OpenLoco/src/World/CompanyAi/CompanyAiPathfinding.cpp:17:
~/Work/AROS-dev/aros-openloco/work/OpenLoco/src/OpenLoco/include/OpenLoco/Map/Track/TrackData.h:25:9: note:   'OpenLoco::World::TrackData::PreviewTrackFlags::none'
   25 |         none = 0U,
      |         ^~~~
In file included from ~/Work/AROS-dev/aros-openloco/work/OpenLoco/src/OpenLoco/include/OpenLoco/Ui/Window.h:10,
                 from ~/Work/AROS-dev/aros-openloco/work/OpenLoco/src/OpenLoco/include/OpenLoco/Ui/LastMapWindowAttributes.h:3,
                 from ~/Work/AROS-dev/aros-openloco/work/OpenLoco/src/OpenLoco/include/OpenLoco/GameState.h:10,
                 from ~/Work/AROS-dev/aros-openloco/work/OpenLoco/src/OpenLoco/src/World/CompanyAi/CompanyAiPathfinding.cpp:8:
~/Work/AROS-dev/aros-openloco/work/OpenLoco/src/OpenLoco/include/OpenLoco/Ui/ScrollFlags.hpp:26:27: note:   'OpenLoco::Ui::Scrollbars::none'
   26 |         constexpr uint8_t none = 0;
      |                           ^~~~
