~/Work/AROS/toolchain/x86_64-aros-g++ --sysroot=~/Work/AROS/sdk -std=c++20 -O1 -fno-char8_t -fstrict-aliasing -w -DFMT_HEADER_ONLY=1 -DOPENLOCO_VERSION_TAG="probe" -DOPENLOCO_BRANCH="probe" -DOPENLOCO_COMMIT_SHA1="0" -DOPENLOCO_COMMIT_SHA1_SHORT="0" -DOPENLOCO_BUILD_SERVER="" -I~/Work/AROS-dev/aros-openloco/work/OpenLoco/src/Utility/include -I~/Work/AROS-dev/aros-openloco/work/OpenLoco/src/Utility/src -I~/Work/AROS-dev/aros-openloco/work/OpenLoco/src/Utility/include/OpenLoco -I~/Work/AROS-dev/aros-openloco/work/OpenLoco/src/Utility/include/OpenLoco/Utility -I~/Work/AROS-dev/aros-openloco/work/OpenLoco/src/App/src -I~/Work/AROS-dev/aros-openloco/work/OpenLoco/src/Audio/include -I~/Work/AROS-dev/aros-openloco/work/OpenLoco/src/Audio/src -I~/Work/AROS-dev/aros-openloco/work/OpenLoco/src/Audio/include/OpenLoco -I~/Work/AROS-dev/aros-openloco/work/OpenLoco/src/Audio/include/OpenLoco/Audio -I~/Work/AROS-dev/aros-openloco/work/OpenLoco/src/Core/include -I~/Work/AROS-dev/aros-openloco/work/OpenLoco/src/Core/src -I~/Work/AROS-dev/aros-openloco/work/OpenLoco/src/Core/include/OpenLoco -I~/Work/AROS-dev/aros-openloco/work/OpenLoco/src/Core/include/OpenLoco/Core -I~/Work/AROS-dev/aros-openloco/work/OpenLoco/src/Diagnostics/include -I~/Work/AROS-dev/aros-openloco/work/OpenLoco/src/Diagnostics/src -I~/Work/AROS-dev/aros-openloco/work/OpenLoco/src/Diagnostics/include/OpenLoco -I~/Work/AROS-dev/aros-openloco/work/OpenLoco/src/Diagnostics/include/OpenLoco/Diagnostics -I~/Work/AROS-dev/aros-openloco/work/OpenLoco/src/Engine/include -I~/Work/AROS-dev/aros-openloco/work/OpenLoco/src/Engine/src -I~/Work/AROS-dev/aros-openloco/work/OpenLoco/src/Engine/include/OpenLoco -I~/Work/AROS-dev/aros-openloco/work/OpenLoco/src/Engine/include/OpenLoco/Engine -I~/Work/AROS-dev/aros-openloco/work/OpenLoco/src/Gfx/include -I~/Work/AROS-dev/aros-openloco/work/OpenLoco/src/Gfx/src -I~/Work/AROS-dev/aros-openloco/work/OpenLoco/src/Gfx/include/OpenLoco -I~/Work/AROS-dev/aros-openloco/work/OpenLoco/src/Gfx/include/OpenLoco/Gfx -I~/Work/AROS-dev/aros-openloco/work/OpenLoco/src/Math/include -I~/Work/AROS-dev/aros-openloco/work/OpenLoco/src/Math/src -I~/Work/AROS-dev/aros-openloco/work/OpenLoco/src/Math/include/OpenLoco -I~/Work/AROS-dev/aros-openloco/work/OpenLoco/src/Math/include/OpenLoco/Math -I~/Work/AROS-dev/aros-openloco/work/OpenLoco/src/OpenLoco/include -I~/Work/AROS-dev/aros-openloco/work/OpenLoco/src/OpenLoco/src -I~/Work/AROS-dev/aros-openloco/work/OpenLoco/src/OpenLoco/include/OpenLoco -I~/Work/AROS-dev/aros-openloco/work/OpenLoco/src/Platform/include -I~/Work/AROS-dev/aros-openloco/work/OpenLoco/src/Platform/src -I~/Work/AROS-dev/aros-openloco/work/OpenLoco/src/Platform/include/OpenLoco -I~/Work/AROS-dev/aros-openloco/work/OpenLoco/src/Platform/include/OpenLoco/Platform -I~/Work/AROS-dev/aros-openloco/work/OpenLoco/src/Resources/include -I~/Work/AROS-dev/aros-openloco/work/OpenLoco/src/Resources/src -I~/Work/AROS-dev/aros-openloco/work/OpenLoco/src/Resources/include/OpenLoco -I~/Work/AROS-dev/aros-openloco/work/OpenLoco/src/Resources/include/OpenLoco/Resources -I~/Work/AROS-dev/aros-openloco/work/OpenLoco/src/Version/include -I~/Work/AROS-dev/aros-openloco/work/OpenLoco/src/Version/include/OpenLoco -I~/Work/AROS-dev/aros-openloco/work/OpenLoco/src/Utility/src -I~/Work/AROS-dev/aros-openloco/deps/abiv11/src/SDL3-3.4.12/include -I~/Work/AROS-dev/aros-openloco/deps/abiv11/src/fmt/include -I~/Work/AROS-dev/aros-openloco/deps/abiv11/src/sfl/include -I~/Work/AROS-dev/aros-openloco/deps/abiv11/src/yaml/include -I~/Work/AROS/sdk/include -c ~/Work/AROS-dev/aros-openloco/work/OpenLoco/src/Utility/src/String.cpp -o ~/Work/AROS-dev/aros-openloco/build/abiv11/compile-probe/Utility_src_String.o
exit=1
In file included from ~/Work/AROS-dev/aros-openloco/work/OpenLoco/src/Utility/src/String.cpp:1:
~/Work/AROS-dev/aros-openloco/work/OpenLoco/src/Utility/include/OpenLoco/Utility/String.hpp:14:35: error: 'wstring_view' in namespace 'std' does not name a type; did you mean 'string_view'?
   14 |     std::string toUtf8(const std::wstring_view& src);
      |                                   ^~~~~~~~~~~~
      |                                   string_view
~/Work/AROS-dev/aros-openloco/work/OpenLoco/src/Utility/include/OpenLoco/Utility/String.hpp:15:10: error: 'wstring' in namespace 'std' does not name a type
   15 |     std::wstring toUtf16(const std::string_view& src);
      |          ^~~~~~~
~/Work/AROS-dev/aros-openloco/work/OpenLoco/src/Utility/include/OpenLoco/Utility/String.hpp:7:1: note: 'std::wstring' is defined in header '<string>'; did you forget to '#include <string>'?
    6 | #include <cstring>
  +++ |+#include <string>
    7 | #include <string>
~/Work/AROS-dev/aros-openloco/work/OpenLoco/src/Utility/src/String.cpp:103:35: error: 'wstring_view' in namespace 'std' does not name a type; did you mean 'string_view'?
  103 |     std::string toUtf8(const std::wstring_view& src)
      |                                   ^~~~~~~~~~~~
      |                                   string_view
~/Work/AROS-dev/aros-openloco/work/OpenLoco/src/Utility/src/String.cpp: In function 'std::string OpenLoco::Utility::toUtf8(const int&)':
~/Work/AROS-dev/aros-openloco/work/OpenLoco/src/Utility/src/String.cpp:113:14: error: 'wstring_convert' is not a member of 'std'
  113 |         std::wstring_convert<convert_typeX, wchar_t> converterX;
      |              ^~~~~~~~~~~~~~~
~/Work/AROS-dev/aros-openloco/work/OpenLoco/src/Utility/src/String.cpp:113:43: error: expected primary-expression before ',' token
  113 |         std::wstring_convert<convert_typeX, wchar_t> converterX;
      |                                           ^
~/Work/AROS-dev/aros-openloco/work/OpenLoco/src/Utility/src/String.cpp:113:45: error: expected primary-expression before 'wchar_t'
  113 |         std::wstring_convert<convert_typeX, wchar_t> converterX;
      |                                             ^~~~~~~
~/Work/AROS-dev/aros-openloco/work/OpenLoco/src/Utility/src/String.cpp:115:27: error: 'converterX' was not declared in this scope; did you mean 'convert_typeX'?
  115 |         std::string out = converterX.to_bytes(src.data());
      |                           ^~~~~~~~~~
      |                           convert_typeX
~/Work/AROS-dev/aros-openloco/work/OpenLoco/src/Utility/src/String.cpp:115:51: error: request for member 'data' in 'src', which is of non-class type 'const int'
  115 |         std::string out = converterX.to_bytes(src.data());
      |                                                   ^~~~
~/Work/AROS-dev/aros-openloco/work/OpenLoco/src/Utility/src/String.cpp: At global scope:
~/Work/AROS-dev/aros-openloco/work/OpenLoco/src/Utility/src/String.cpp:121:10: error: 'wstring' in namespace 'std' does not name a type
  121 |     std::wstring toUtf16([[maybe_unused]] const std::string_view& src)
      |          ^~~~~~~
~/Work/AROS-dev/aros-openloco/work/OpenLoco/src/Utility/src/String.cpp:14:1: note: 'std::wstring' is defined in header '<string>'; did you forget to '#include <string>'?
   13 | #include <cctype>
  +++ |+#include <string>
   14 | #include <cstdint>
